Information: Building the design 'state_register'. (HDL-193)
Error:  ./src/myascon_ascon_top_1.0.0_0/rtl/state_register.sv:96: Part-select direction does not match declared direction of symbol 'state' (declared [63:0], part-select is [63:64]). (ELAB-334)
*** Presto compilation terminated with 1 errors. ***
Information: Building the design 'state_register'. (HDL-193)
Warning: Unable to resolve reference 'state_register' in 'ascon_top'. (LINK-5)
 
****************************************
Report : area
Design : ascon_top
Version: R-2020.09-SP2
Date   : Thu Sep 11 17:44:10 2025
****************************************

Information: Updating design information... (UID-85)
Library(s) Used:

    tcbn65lplvttc (File: /software/dk/tsmc65/digital/Front_End/timing_power_noise/NLDM/tcbn65lplvt_220a/tcbn65lplvttc.db)

Number of ports:                         2429
Number of nets:                          8243
Number of cells:                         5880
Number of combinational cells:           5031
Number of sequential cells:               782
Number of macros/black boxes:               0
Number of buf/inv:                       1534
Number of references:                     103

Combinational area:              10387.440267
Buf/Inv area:                     1663.200066
Noncombinational area:            5872.320127
Macro/Black Box area:                0.000000
Net Interconnect area:      undefined  (Wire load has zero net area)

Total cell area:                 16259.760393
Total area:                 undefined

Information: This design contains black box (unknown) components. (RPT-8)
1
