Warning: Design 'ascon_top' has '1' unresolved references. For more detailed information, use the "link" command. (UID-341)
 
****************************************
Report : area
Design : ascon_top
Version: R-2020.09-SP2
Date   : Thu Sep 11 17:44:11 2025
****************************************

Library(s) Used:

    tcbn65lplvttc (File: /software/dk/tsmc65/digital/Front_End/timing_power_noise/NLDM/tcbn65lplvt_220a/tcbn65lplvttc.db)

Number of ports:                         2429
Number of nets:                          8243
Number of cells:                         5880
Number of combinational cells:           5031
Number of sequential cells:               782
Number of macros/black boxes:               0
Number of buf/inv:                       1534
Number of references:                     103

Combinational area:              10387.440267
Buf/Inv area:                     1663.200066
Noncombinational area:            5872.320127
Macro/Black Box area:                0.000000
Net Interconnect area:      undefined  (Wire load has zero net area)

Total cell area:                 16259.760393
Total area:                 undefined

Information: This design contains black box (unknown) components. (RPT-8)

Hierarchical area distribution
------------------------------

                                  Global cell area            Local cell area
                                  -------------------  ----------------------------- 
Hierarchical cell                 Absolute    Percent  Combi-      Noncombi-  Black-
                                  Total       Total    national    national   boxes   Design
--------------------------------  ----------  -------  ----------  ---------  ------  ----------------
ascon_top                         16259.7604    100.0   8448.1202  2188.8000  0.0000  ascon_top
gen_no_changing.gen_sbox[0].u_sbox
                                     60.4800      0.4     26.2800    34.2000  0.0000  ascon_sbox_d2_63
gen_no_changing.gen_sbox[10].u_sbox
                                     60.4800      0.4     26.2800    34.2000  0.0000  ascon_sbox_d2_53
gen_no_changing.gen_sbox[11].u_sbox
                                     60.4800      0.4     26.2800    34.2000  0.0000  ascon_sbox_d2_52
gen_no_changing.gen_sbox[12].u_sbox
                                     60.4800      0.4     26.2800    34.2000  0.0000  ascon_sbox_d2_51
gen_no_changing.gen_sbox[13].u_sbox
                                     60.4800      0.4     26.2800    34.2000  0.0000  ascon_sbox_d2_50
gen_no_changing.gen_sbox[14].u_sbox
                                     60.4800      0.4     26.2800    34.2000  0.0000  ascon_sbox_d2_49
gen_no_changing.gen_sbox[15].u_sbox
                                     60.4800      0.4     26.2800    34.2000  0.0000  ascon_sbox_d2_48
gen_no_changing.gen_sbox[16].u_sbox
                                     60.4800      0.4     26.2800    34.2000  0.0000  ascon_sbox_d2_47
gen_no_changing.gen_sbox[17].u_sbox
                                     60.4800      0.4     26.2800    34.2000  0.0000  ascon_sbox_d2_46
gen_no_changing.gen_sbox[18].u_sbox
                                     60.4800      0.4     26.2800    34.2000  0.0000  ascon_sbox_d2_45
gen_no_changing.gen_sbox[19].u_sbox
                                     60.4800      0.4     26.2800    34.2000  0.0000  ascon_sbox_d2_44
gen_no_changing.gen_sbox[1].u_sbox
                                     60.4800      0.4     26.2800    34.2000  0.0000  ascon_sbox_d2_62
gen_no_changing.gen_sbox[20].u_sbox
                                     60.4800      0.4     26.2800    34.2000  0.0000  ascon_sbox_d2_43
gen_no_changing.gen_sbox[21].u_sbox
                                     60.4800      0.4     26.2800    34.2000  0.0000  ascon_sbox_d2_42
gen_no_changing.gen_sbox[22].u_sbox
                                     60.4800      0.4     26.2800    34.2000  0.0000  ascon_sbox_d2_41
gen_no_changing.gen_sbox[23].u_sbox
                                     60.4800      0.4     26.2800    34.2000  0.0000  ascon_sbox_d2_40
gen_no_changing.gen_sbox[24].u_sbox
                                     60.4800      0.4     26.2800    34.2000  0.0000  ascon_sbox_d2_39
gen_no_changing.gen_sbox[25].u_sbox
                                     60.4800      0.4     26.2800    34.2000  0.0000  ascon_sbox_d2_38
gen_no_changing.gen_sbox[26].u_sbox
                                     60.4800      0.4     26.2800    34.2000  0.0000  ascon_sbox_d2_37
gen_no_changing.gen_sbox[27].u_sbox
                                     60.4800      0.4     26.2800    34.2000  0.0000  ascon_sbox_d2_36
gen_no_changing.gen_sbox[28].u_sbox
                                     60.4800      0.4     26.2800    34.2000  0.0000  ascon_sbox_d2_35
gen_no_changing.gen_sbox[29].u_sbox
                                     60.4800      0.4     26.2800    34.2000  0.0000  ascon_sbox_d2_34
gen_no_changing.gen_sbox[2].u_sbox
                                     60.4800      0.4     26.2800    34.2000  0.0000  ascon_sbox_d2_61
gen_no_changing.gen_sbox[30].u_sbox
                                     60.4800      0.4     26.2800    34.2000  0.0000  ascon_sbox_d2_33
gen_no_changing.gen_sbox[31].u_sbox
                                     60.4800      0.4     26.2800    34.2000  0.0000  ascon_sbox_d2_32
gen_no_changing.gen_sbox[32].u_sbox
                                     60.4800      0.4     26.2800    34.2000  0.0000  ascon_sbox_d2_31
gen_no_changing.gen_sbox[33].u_sbox
                                     60.4800      0.4     26.2800    34.2000  0.0000  ascon_sbox_d2_30
gen_no_changing.gen_sbox[34].u_sbox
                                     60.4800      0.4     26.2800    34.2000  0.0000  ascon_sbox_d2_29
gen_no_changing.gen_sbox[35].u_sbox
                                     60.4800      0.4     26.2800    34.2000  0.0000  ascon_sbox_d2_28
gen_no_changing.gen_sbox[36].u_sbox
                                     60.4800      0.4     26.2800    34.2000  0.0000  ascon_sbox_d2_27
gen_no_changing.gen_sbox[37].u_sbox
                                     60.4800      0.4     26.2800    34.2000  0.0000  ascon_sbox_d2_26
gen_no_changing.gen_sbox[38].u_sbox
                                     60.4800      0.4     26.2800    34.2000  0.0000  ascon_sbox_d2_25
gen_no_changing.gen_sbox[39].u_sbox
                                     60.4800      0.4     26.2800    34.2000  0.0000  ascon_sbox_d2_24
gen_no_changing.gen_sbox[3].u_sbox
                                     60.4800      0.4     26.2800    34.2000  0.0000  ascon_sbox_d2_60
gen_no_changing.gen_sbox[40].u_sbox
                                     60.4800      0.4     26.2800    34.2000  0.0000  ascon_sbox_d2_23
gen_no_changing.gen_sbox[41].u_sbox
                                     60.4800      0.4     26.2800    34.2000  0.0000  ascon_sbox_d2_22
gen_no_changing.gen_sbox[42].u_sbox
                                     60.4800      0.4     26.2800    34.2000  0.0000  ascon_sbox_d2_21
gen_no_changing.gen_sbox[43].u_sbox
                                     60.4800      0.4     26.2800    34.2000  0.0000  ascon_sbox_d2_20
gen_no_changing.gen_sbox[44].u_sbox
                                     60.4800      0.4     26.2800    34.2000  0.0000  ascon_sbox_d2_19
gen_no_changing.gen_sbox[45].u_sbox
                                     60.4800      0.4     26.2800    34.2000  0.0000  ascon_sbox_d2_18
gen_no_changing.gen_sbox[46].u_sbox
                                     60.4800      0.4     26.2800    34.2000  0.0000  ascon_sbox_d2_17
gen_no_changing.gen_sbox[47].u_sbox
                                     60.4800      0.4     26.2800    34.2000  0.0000  ascon_sbox_d2_16
gen_no_changing.gen_sbox[48].u_sbox
                                     60.4800      0.4     26.2800    34.2000  0.0000  ascon_sbox_d2_15
gen_no_changing.gen_sbox[49].u_sbox
                                     60.4800      0.4     26.2800    34.2000  0.0000  ascon_sbox_d2_14
gen_no_changing.gen_sbox[4].u_sbox
                                     60.4800      0.4     26.2800    34.2000  0.0000  ascon_sbox_d2_59
gen_no_changing.gen_sbox[50].u_sbox
                                     60.4800      0.4     26.2800    34.2000  0.0000  ascon_sbox_d2_13
gen_no_changing.gen_sbox[51].u_sbox
                                     60.4800      0.4     26.2800    34.2000  0.0000  ascon_sbox_d2_12
gen_no_changing.gen_sbox[52].u_sbox
                                     60.4800      0.4     26.2800    34.2000  0.0000  ascon_sbox_d2_11
gen_no_changing.gen_sbox[53].u_sbox
                                     60.4800      0.4     26.2800    34.2000  0.0000  ascon_sbox_d2_10
gen_no_changing.gen_sbox[54].u_sbox
                                     60.4800      0.4     26.2800    34.2000  0.0000  ascon_sbox_d2_9
gen_no_changing.gen_sbox[55].u_sbox
                                     60.4800      0.4     26.2800    34.2000  0.0000  ascon_sbox_d2_8
gen_no_changing.gen_sbox[56].u_sbox
                                     60.4800      0.4     26.2800    34.2000  0.0000  ascon_sbox_d2_7
gen_no_changing.gen_sbox[57].u_sbox
                                     60.4800      0.4     26.2800    34.2000  0.0000  ascon_sbox_d2_6
gen_no_changing.gen_sbox[58].u_sbox
                                     60.4800      0.4     26.2800    34.2000  0.0000  ascon_sbox_d2_5
gen_no_changing.gen_sbox[59].u_sbox
                                     60.4800      0.4     26.2800    34.2000  0.0000  ascon_sbox_d2_4
gen_no_changing.gen_sbox[5].u_sbox
                                     60.4800      0.4     26.2800    34.2000  0.0000  ascon_sbox_d2_58
gen_no_changing.gen_sbox[60].u_sbox
                                     60.4800      0.4     26.2800    34.2000  0.0000  ascon_sbox_d2_3
gen_no_changing.gen_sbox[61].u_sbox
                                     60.4800      0.4     26.2800    34.2000  0.0000  ascon_sbox_d2_2
gen_no_changing.gen_sbox[62].u_sbox
                                     60.4800      0.4     26.2800    34.2000  0.0000  ascon_sbox_d2_1
gen_no_changing.gen_sbox[63].u_sbox
                                     60.4800      0.4     26.2800    34.2000  0.0000  ascon_sbox_d2_0
gen_no_changing.gen_sbox[6].u_sbox
                                     60.4800      0.4     26.2800    34.2000  0.0000  ascon_sbox_d2_57
gen_no_changing.gen_sbox[7].u_sbox
                                     60.4800      0.4     26.2800    34.2000  0.0000  ascon_sbox_d2_56
gen_no_changing.gen_sbox[8].u_sbox
                                     60.4800      0.4     26.2800    34.2000  0.0000  ascon_sbox_d2_55
gen_no_changing.gen_sbox[9].u_sbox
                                     60.4800      0.4     26.2800    34.2000  0.0000  ascon_sbox_d2_54
key1_reg                            695.5200      4.3      4.3200   691.2000  0.0000  register_1
key2_reg                            692.6400      4.3      1.4400   691.2000  0.0000  register_0
mealy_fsm                           363.9600      2.2    251.6400   112.3200  0.0000  fsm
--------------------------------  ----------  -------  ----------  ---------  ------  ----------------
Total                                                  10387.4403  5872.3201  0.0000

1
