Warning: Design 'ascon_top' has '1' unresolved references. For more detailed information, use the "link" command. (UID-341)
 
****************************************
check_design summary:
Version:     R-2020.09-SP2
Date:        Thu Sep 11 17:42:00 2025
****************************************

                   Name                                            Total
--------------------------------------------------------------------------------
Inputs/Outputs                                                      4
    Multiply driven inputs (LINT-6)                                 2
    Unconnected ports (LINT-28)                                     2

Cells                                                              10
    Cells do not drive (LINT-1)                                    10

Tristate                                                          644
    A tristate bus has a non tri-state driver (LINT-34)           644
--------------------------------------------------------------------------------

Warning: In design 'ascon_top', cell 'C4586' does not drive any nets. (LINT-1)
Warning: In design 'fsm', cell 'C933' does not drive any nets. (LINT-1)
Warning: In design 'fsm', cell 'C942' does not drive any nets. (LINT-1)
Warning: In design 'fsm', cell 'C947' does not drive any nets. (LINT-1)
Warning: In design 'fsm', cell 'B_65' does not drive any nets. (LINT-1)
Warning: In design 'fsm', cell 'B_66' does not drive any nets. (LINT-1)
Warning: In design 'fsm', cell 'B_67' does not drive any nets. (LINT-1)
Warning: In design 'fsm', cell 'B_68' does not drive any nets. (LINT-1)
Warning: In design 'fsm', cell 'C1173' does not drive any nets. (LINT-1)
Warning: In design 'fsm', cell 'C1191' does not drive any nets. (LINT-1)
Warning: In design 'ascon_top', input port 'clk' drives wired logic; the port direction may have been specified incorrectly. (LINT-6)
Warning: In design 'ascon_top', input port 'reset_n' drives wired logic; the port direction may have been specified incorrectly. (LINT-6)
Warning: In design 'ascon_top', port 'reset_n_lfsr' is not connected to any nets. (LINT-28)
Warning: In design 'ascon_sbox_d2', port 'sel_masked_round' is not connected to any nets. (LINT-28)
Warning: In design 'ascon_top', three-state bus 'affine_layer2nd_out[0][0]' has non three-state driver 'C4530/Z'. (LINT-34)
Warning: In design 'ascon_top', three-state bus 'affine_layer2nd_out[0][1]' has non three-state driver 'C4529/Z'. (LINT-34)
Warning: In design 'ascon_top', three-state bus 'affine_layer2nd_out[0][2]' has non three-state driver 'C4528/Z'. (LINT-34)
Warning: In design 'ascon_top', three-state bus 'affine_layer2nd_out[0][3]' has non three-state driver 'C4527/Z'. (LINT-34)
Warning: In design 'ascon_top', three-state bus 'affine_layer2nd_out[0][4]' has non three-state driver 'C4526/Z'. (LINT-34)
Warning: In design 'ascon_top', three-state bus 'affine_layer2nd_out[0][5]' has non three-state driver 'C4525/Z'. (LINT-34)
Warning: In design 'ascon_top', three-state bus 'affine_layer2nd_out[0][6]' has non three-state driver 'C4524/Z'. (LINT-34)
Warning: In design 'ascon_top', three-state bus 'affine_layer2nd_out[0][7]' has non three-state driver 'C4523/Z'. (LINT-34)
Warning: In design 'ascon_top', three-state bus 'affine_layer2nd_out[0][8]' has non three-state driver 'C4522/Z'. (LINT-34)
Warning: In design 'ascon_top', three-state bus 'affine_layer2nd_out[0][9]' has non three-state driver 'C4521/Z'. (LINT-34)
Warning: In design 'ascon_top', three-state bus 'affine_layer2nd_out[0][10]' has non three-state driver 'C4520/Z'. (LINT-34)
Warning: In design 'ascon_top', three-state bus 'affine_layer2nd_out[0][11]' has non three-state driver 'C4519/Z'. (LINT-34)
Warning: In design 'ascon_top', three-state bus 'affine_layer2nd_out[0][12]' has non three-state driver 'C4518/Z'. (LINT-34)
Warning: In design 'ascon_top', three-state bus 'affine_layer2nd_out[0][13]' has non three-state driver 'C4517/Z'. (LINT-34)
Warning: In design 'ascon_top', three-state bus 'affine_layer2nd_out[0][14]' has non three-state driver 'C4516/Z'. (LINT-34)
Warning: In design 'ascon_top', three-state bus 'affine_layer2nd_out[0][15]' has non three-state driver 'C4515/Z'. (LINT-34)
Warning: In design 'ascon_top', three-state bus 'affine_layer2nd_out[0][16]' has non three-state driver 'C4514/Z'. (LINT-34)
Warning: In design 'ascon_top', three-state bus 'affine_layer2nd_out[0][17]' has non three-state driver 'C4513/Z'. (LINT-34)
Warning: In design 'ascon_top', three-state bus 'affine_layer2nd_out[0][18]' has non three-state driver 'C4512/Z'. (LINT-34)
Warning: In design 'ascon_top', three-state bus 'affine_layer2nd_out[0][19]' has non three-state driver 'C4511/Z'. (LINT-34)
Warning: In design 'ascon_top', three-state bus 'affine_layer2nd_out[0][20]' has non three-state driver 'C4510/Z'. (LINT-34)
Warning: In design 'ascon_top', three-state bus 'affine_layer2nd_out[0][21]' has non three-state driver 'C4509/Z'. (LINT-34)
Warning: In design 'ascon_top', three-state bus 'affine_layer2nd_out[0][22]' has non three-state driver 'C4508/Z'. (LINT-34)
Warning: In design 'ascon_top', three-state bus 'affine_layer2nd_out[0][23]' has non three-state driver 'C4507/Z'. (LINT-34)
Warning: In design 'ascon_top', three-state bus 'affine_layer2nd_out[0][24]' has non three-state driver 'C4506/Z'. (LINT-34)
Warning: In design 'ascon_top', three-state bus 'affine_layer2nd_out[0][25]' has non three-state driver 'C4505/Z'. (LINT-34)
Warning: In design 'ascon_top', three-state bus 'affine_layer2nd_out[0][26]' has non three-state driver 'C4504/Z'. (LINT-34)
Warning: In design 'ascon_top', three-state bus 'affine_layer2nd_out[0][27]' has non three-state driver 'C4503/Z'. (LINT-34)
Warning: In design 'ascon_top', three-state bus 'affine_layer2nd_out[0][28]' has non three-state driver 'C4502/Z'. (LINT-34)
Warning: In design 'ascon_top', three-state bus 'affine_layer2nd_out[0][29]' has non three-state driver 'C4501/Z'. (LINT-34)
Warning: In design 'ascon_top', three-state bus 'affine_layer2nd_out[0][30]' has non three-state driver 'C4500/Z'. (LINT-34)
Warning: In design 'ascon_top', three-state bus 'affine_layer2nd_out[0][31]' has non three-state driver 'C4499/Z'. (LINT-34)
Warning: In design 'ascon_top', three-state bus 'affine_layer2nd_out[0][32]' has non three-state driver 'C4498/Z'. (LINT-34)
Warning: In design 'ascon_top', three-state bus 'affine_layer2nd_out[0][33]' has non three-state driver 'C4497/Z'. (LINT-34)
Warning: In design 'ascon_top', three-state bus 'affine_layer2nd_out[0][34]' has non three-state driver 'C4496/Z'. (LINT-34)
Warning: In design 'ascon_top', three-state bus 'affine_layer2nd_out[0][35]' has non three-state driver 'C4495/Z'. (LINT-34)
Warning: In design 'ascon_top', three-state bus 'affine_layer2nd_out[0][36]' has non three-state driver 'C4494/Z'. (LINT-34)
Warning: In design 'ascon_top', three-state bus 'affine_layer2nd_out[0][37]' has non three-state driver 'C4493/Z'. (LINT-34)
Warning: In design 'ascon_top', three-state bus 'affine_layer2nd_out[0][38]' has non three-state driver 'C4492/Z'. (LINT-34)
Warning: In design 'ascon_top', three-state bus 'affine_layer2nd_out[0][39]' has non three-state driver 'C4491/Z'. (LINT-34)
Warning: In design 'ascon_top', three-state bus 'affine_layer2nd_out[0][40]' has non three-state driver 'C4490/Z'. (LINT-34)
Warning: In design 'ascon_top', three-state bus 'affine_layer2nd_out[0][41]' has non three-state driver 'C4489/Z'. (LINT-34)
Warning: In design 'ascon_top', three-state bus 'affine_layer2nd_out[0][42]' has non three-state driver 'C4488/Z'. (LINT-34)
Warning: In design 'ascon_top', three-state bus 'affine_layer2nd_out[0][43]' has non three-state driver 'C4487/Z'. (LINT-34)
Warning: In design 'ascon_top', three-state bus 'affine_layer2nd_out[0][44]' has non three-state driver 'C4486/Z'. (LINT-34)
Warning: In design 'ascon_top', three-state bus 'affine_layer2nd_out[0][45]' has non three-state driver 'C4485/Z'. (LINT-34)
Warning: In design 'ascon_top', three-state bus 'affine_layer2nd_out[0][46]' has non three-state driver 'C4484/Z'. (LINT-34)
Warning: In design 'ascon_top', three-state bus 'affine_layer2nd_out[0][47]' has non three-state driver 'C4483/Z'. (LINT-34)
Warning: In design 'ascon_top', three-state bus 'affine_layer2nd_out[0][48]' has non three-state driver 'C4482/Z'. (LINT-34)
Warning: In design 'ascon_top', three-state bus 'affine_layer2nd_out[0][49]' has non three-state driver 'C4481/Z'. (LINT-34)
Warning: In design 'ascon_top', three-state bus 'affine_layer2nd_out[0][50]' has non three-state driver 'C4480/Z'. (LINT-34)
Warning: In design 'ascon_top', three-state bus 'affine_layer2nd_out[0][51]' has non three-state driver 'C4479/Z'. (LINT-34)
Warning: In design 'ascon_top', three-state bus 'affine_layer2nd_out[0][52]' has non three-state driver 'C4478/Z'. (LINT-34)
Warning: In design 'ascon_top', three-state bus 'affine_layer2nd_out[0][53]' has non three-state driver 'C4477/Z'. (LINT-34)
Warning: In design 'ascon_top', three-state bus 'affine_layer2nd_out[0][54]' has non three-state driver 'C4476/Z'. (LINT-34)
Warning: In design 'ascon_top', three-state bus 'affine_layer2nd_out[0][55]' has non three-state driver 'C4475/Z'. (LINT-34)
Warning: In design 'ascon_top', three-state bus 'affine_layer2nd_out[0][56]' has non three-state driver 'C4474/Z'. (LINT-34)
Warning: In design 'ascon_top', three-state bus 'affine_layer2nd_out[0][57]' has non three-state driver 'C4473/Z'. (LINT-34)
Warning: In design 'ascon_top', three-state bus 'affine_layer2nd_out[0][58]' has non three-state driver 'C4472/Z'. (LINT-34)
Warning: In design 'ascon_top', three-state bus 'affine_layer2nd_out[0][59]' has non three-state driver 'C4471/Z'. (LINT-34)
Warning: In design 'ascon_top', three-state bus 'affine_layer2nd_out[0][60]' has non three-state driver 'C4470/Z'. (LINT-34)
Warning: In design 'ascon_top', three-state bus 'affine_layer2nd_out[0][61]' has non three-state driver 'C4469/Z'. (LINT-34)
Warning: In design 'ascon_top', three-state bus 'affine_layer2nd_out[0][62]' has non three-state driver 'C4468/Z'. (LINT-34)
Warning: In design 'ascon_top', three-state bus 'affine_layer2nd_out[0][63]' has non three-state driver 'C4467/Z'. (LINT-34)
Warning: In design 'ascon_top', three-state bus 'affine_layer2nd_out[0][64]' has non three-state driver 'C4466/Z'. (LINT-34)
Warning: In design 'ascon_top', three-state bus 'affine_layer2nd_out[0][65]' has non three-state driver 'C4465/Z'. (LINT-34)
Warning: In design 'ascon_top', three-state bus 'affine_layer2nd_out[0][66]' has non three-state driver 'C4464/Z'. (LINT-34)
Warning: In design 'ascon_top', three-state bus 'affine_layer2nd_out[0][67]' has non three-state driver 'C4463/Z'. (LINT-34)
Warning: In design 'ascon_top', three-state bus 'affine_layer2nd_out[0][68]' has non three-state driver 'C4462/Z'. (LINT-34)
Warning: In design 'ascon_top', three-state bus 'affine_layer2nd_out[0][69]' has non three-state driver 'C4461/Z'. (LINT-34)
Warning: In design 'ascon_top', three-state bus 'affine_layer2nd_out[0][70]' has non three-state driver 'C4460/Z'. (LINT-34)
Warning: In design 'ascon_top', three-state bus 'affine_layer2nd_out[0][71]' has non three-state driver 'C4459/Z'. (LINT-34)
Warning: In design 'ascon_top', three-state bus 'affine_layer2nd_out[0][72]' has non three-state driver 'C4458/Z'. (LINT-34)
Warning: In design 'ascon_top', three-state bus 'affine_layer2nd_out[0][73]' has non three-state driver 'C4457/Z'. (LINT-34)
Warning: In design 'ascon_top', three-state bus 'affine_layer2nd_out[0][74]' has non three-state driver 'C4456/Z'. (LINT-34)
Warning: In design 'ascon_top', three-state bus 'affine_layer2nd_out[0][75]' has non three-state driver 'C4455/Z'. (LINT-34)
Warning: In design 'ascon_top', three-state bus 'affine_layer2nd_out[0][76]' has non three-state driver 'C4454/Z'. (LINT-34)
Warning: In design 'ascon_top', three-state bus 'affine_layer2nd_out[0][77]' has non three-state driver 'C4453/Z'. (LINT-34)
Warning: In design 'ascon_top', three-state bus 'affine_layer2nd_out[0][78]' has non three-state driver 'C4452/Z'. (LINT-34)
Warning: In design 'ascon_top', three-state bus 'affine_layer2nd_out[0][79]' has non three-state driver 'C4451/Z'. (LINT-34)
Warning: In design 'ascon_top', three-state bus 'affine_layer2nd_out[0][80]' has non three-state driver 'C4450/Z'. (LINT-34)
Warning: In design 'ascon_top', three-state bus 'affine_layer2nd_out[0][81]' has non three-state driver 'C4449/Z'. (LINT-34)
Warning: In design 'ascon_top', three-state bus 'affine_layer2nd_out[0][82]' has non three-state driver 'C4448/Z'. (LINT-34)
Warning: In design 'ascon_top', three-state bus 'affine_layer2nd_out[0][83]' has non three-state driver 'C4447/Z'. (LINT-34)
Warning: In design 'ascon_top', three-state bus 'affine_layer2nd_out[0][84]' has non three-state driver 'C4446/Z'. (LINT-34)
Warning: In design 'ascon_top', three-state bus 'affine_layer2nd_out[0][85]' has non three-state driver 'C4445/Z'. (LINT-34)
Warning: In design 'ascon_top', three-state bus 'affine_layer2nd_out[0][86]' has non three-state driver 'C4444/Z'. (LINT-34)
Warning: In design 'ascon_top', three-state bus 'affine_layer2nd_out[0][87]' has non three-state driver 'C4443/Z'. (LINT-34)
Warning: In design 'ascon_top', three-state bus 'affine_layer2nd_out[0][88]' has non three-state driver 'C4442/Z'. (LINT-34)
Warning: In design 'ascon_top', three-state bus 'affine_layer2nd_out[0][89]' has non three-state driver 'C4441/Z'. (LINT-34)
Warning: In design 'ascon_top', three-state bus 'affine_layer2nd_out[0][90]' has non three-state driver 'C4440/Z'. (LINT-34)
Warning: In design 'ascon_top', three-state bus 'affine_layer2nd_out[0][91]' has non three-state driver 'C4439/Z'. (LINT-34)
Warning: In design 'ascon_top', three-state bus 'affine_layer2nd_out[0][92]' has non three-state driver 'C4438/Z'. (LINT-34)
Warning: In design 'ascon_top', three-state bus 'affine_layer2nd_out[0][93]' has non three-state driver 'C4437/Z'. (LINT-34)
Warning: In design 'ascon_top', three-state bus 'affine_layer2nd_out[0][94]' has non three-state driver 'C4436/Z'. (LINT-34)
Warning: In design 'ascon_top', three-state bus 'affine_layer2nd_out[0][95]' has non three-state driver 'C4435/Z'. (LINT-34)
Warning: In design 'ascon_top', three-state bus 'affine_layer2nd_out[0][96]' has non three-state driver 'C4434/Z'. (LINT-34)
Warning: In design 'ascon_top', three-state bus 'affine_layer2nd_out[0][97]' has non three-state driver 'C4433/Z'. (LINT-34)
Warning: In design 'ascon_top', three-state bus 'affine_layer2nd_out[0][98]' has non three-state driver 'C4432/Z'. (LINT-34)
Warning: In design 'ascon_top', three-state bus 'affine_layer2nd_out[0][99]' has non three-state driver 'C4431/Z'. (LINT-34)
Warning: In design 'ascon_top', three-state bus 'affine_layer2nd_out[0][100]' has non three-state driver 'C4430/Z'. (LINT-34)
Warning: In design 'ascon_top', three-state bus 'affine_layer2nd_out[0][101]' has non three-state driver 'C4429/Z'. (LINT-34)
Warning: In design 'ascon_top', three-state bus 'affine_layer2nd_out[0][102]' has non three-state driver 'C4428/Z'. (LINT-34)
Warning: In design 'ascon_top', three-state bus 'affine_layer2nd_out[0][103]' has non three-state driver 'C4427/Z'. (LINT-34)
Warning: In design 'ascon_top', three-state bus 'affine_layer2nd_out[0][104]' has non three-state driver 'C4426/Z'. (LINT-34)
Warning: In design 'ascon_top', three-state bus 'affine_layer2nd_out[0][105]' has non three-state driver 'C4425/Z'. (LINT-34)
Warning: In design 'ascon_top', three-state bus 'affine_layer2nd_out[0][106]' has non three-state driver 'C4424/Z'. (LINT-34)
Warning: In design 'ascon_top', three-state bus 'affine_layer2nd_out[0][107]' has non three-state driver 'C4423/Z'. (LINT-34)
Warning: In design 'ascon_top', three-state bus 'affine_layer2nd_out[0][108]' has non three-state driver 'C4422/Z'. (LINT-34)
Warning: In design 'ascon_top', three-state bus 'affine_layer2nd_out[0][109]' has non three-state driver 'C4421/Z'. (LINT-34)
Warning: In design 'ascon_top', three-state bus 'affine_layer2nd_out[0][110]' has non three-state driver 'C4420/Z'. (LINT-34)
Warning: In design 'ascon_top', three-state bus 'affine_layer2nd_out[0][111]' has non three-state driver 'C4419/Z'. (LINT-34)
Warning: In design 'ascon_top', three-state bus 'affine_layer2nd_out[0][112]' has non three-state driver 'C4418/Z'. (LINT-34)
Warning: In design 'ascon_top', three-state bus 'affine_layer2nd_out[0][113]' has non three-state driver 'C4417/Z'. (LINT-34)
Warning: In design 'ascon_top', three-state bus 'affine_layer2nd_out[0][114]' has non three-state driver 'C4416/Z'. (LINT-34)
Warning: In design 'ascon_top', three-state bus 'affine_layer2nd_out[0][115]' has non three-state driver 'C4415/Z'. (LINT-34)
Warning: In design 'ascon_top', three-state bus 'affine_layer2nd_out[0][116]' has non three-state driver 'C4414/Z'. (LINT-34)
Warning: In design 'ascon_top', three-state bus 'affine_layer2nd_out[0][117]' has non three-state driver 'C4413/Z'. (LINT-34)
Warning: In design 'ascon_top', three-state bus 'affine_layer2nd_out[0][118]' has non three-state driver 'C4412/Z'. (LINT-34)
Warning: In design 'ascon_top', three-state bus 'affine_layer2nd_out[0][119]' has non three-state driver 'C4411/Z'. (LINT-34)
Warning: In design 'ascon_top', three-state bus 'affine_layer2nd_out[0][120]' has non three-state driver 'C4410/Z'. (LINT-34)
Warning: In design 'ascon_top', three-state bus 'affine_layer2nd_out[0][121]' has non three-state driver 'C4409/Z'. (LINT-34)
Warning: In design 'ascon_top', three-state bus 'affine_layer2nd_out[0][122]' has non three-state driver 'C4408/Z'. (LINT-34)
Warning: In design 'ascon_top', three-state bus 'affine_layer2nd_out[0][123]' has non three-state driver 'C4407/Z'. (LINT-34)
Warning: In design 'ascon_top', three-state bus 'affine_layer2nd_out[0][124]' has non three-state driver 'C4406/Z'. (LINT-34)
Warning: In design 'ascon_top', three-state bus 'affine_layer2nd_out[0][125]' has non three-state driver 'C4405/Z'. (LINT-34)
Warning: In design 'ascon_top', three-state bus 'affine_layer2nd_out[0][126]' has non three-state driver 'C4404/Z'. (LINT-34)
Warning: In design 'ascon_top', three-state bus 'affine_layer2nd_out[0][127]' has non three-state driver 'C4403/Z'. (LINT-34)
Warning: In design 'ascon_top', three-state bus 'affine_layer2nd_out[0][192]' has non three-state driver 'C4402/Z'. (LINT-34)
Warning: In design 'ascon_top', three-state bus 'affine_layer2nd_out[0][193]' has non three-state driver 'C4401/Z'. (LINT-34)
Warning: In design 'ascon_top', three-state bus 'affine_layer2nd_out[0][194]' has non three-state driver 'C4400/Z'. (LINT-34)
Warning: In design 'ascon_top', three-state bus 'affine_layer2nd_out[0][195]' has non three-state driver 'C4399/Z'. (LINT-34)
Warning: In design 'ascon_top', three-state bus 'affine_layer2nd_out[0][196]' has non three-state driver 'C4398/Z'. (LINT-34)
Warning: In design 'ascon_top', three-state bus 'affine_layer2nd_out[0][197]' has non three-state driver 'C4397/Z'. (LINT-34)
Warning: In design 'ascon_top', three-state bus 'affine_layer2nd_out[0][198]' has non three-state driver 'C4396/Z'. (LINT-34)
Warning: In design 'ascon_top', three-state bus 'affine_layer2nd_out[0][199]' has non three-state driver 'C4395/Z'. (LINT-34)
Warning: In design 'ascon_top', three-state bus 'affine_layer2nd_out[0][200]' has non three-state driver 'C4394/Z'. (LINT-34)
Warning: In design 'ascon_top', three-state bus 'affine_layer2nd_out[0][201]' has non three-state driver 'C4393/Z'. (LINT-34)
Warning: In design 'ascon_top', three-state bus 'affine_layer2nd_out[0][202]' has non three-state driver 'C4392/Z'. (LINT-34)
Warning: In design 'ascon_top', three-state bus 'affine_layer2nd_out[0][203]' has non three-state driver 'C4391/Z'. (LINT-34)
Warning: In design 'ascon_top', three-state bus 'affine_layer2nd_out[0][204]' has non three-state driver 'C4390/Z'. (LINT-34)
Warning: In design 'ascon_top', three-state bus 'affine_layer2nd_out[0][205]' has non three-state driver 'C4389/Z'. (LINT-34)
Warning: In design 'ascon_top', three-state bus 'affine_layer2nd_out[0][206]' has non three-state driver 'C4388/Z'. (LINT-34)
Warning: In design 'ascon_top', three-state bus 'affine_layer2nd_out[0][207]' has non three-state driver 'C4387/Z'. (LINT-34)
Warning: In design 'ascon_top', three-state bus 'affine_layer2nd_out[0][208]' has non three-state driver 'C4386/Z'. (LINT-34)
Warning: In design 'ascon_top', three-state bus 'affine_layer2nd_out[0][209]' has non three-state driver 'C4385/Z'. (LINT-34)
Warning: In design 'ascon_top', three-state bus 'affine_layer2nd_out[0][210]' has non three-state driver 'C4384/Z'. (LINT-34)
Warning: In design 'ascon_top', three-state bus 'affine_layer2nd_out[0][211]' has non three-state driver 'C4383/Z'. (LINT-34)
Warning: In design 'ascon_top', three-state bus 'affine_layer2nd_out[0][212]' has non three-state driver 'C4382/Z'. (LINT-34)
Warning: In design 'ascon_top', three-state bus 'affine_layer2nd_out[0][213]' has non three-state driver 'C4381/Z'. (LINT-34)
Warning: In design 'ascon_top', three-state bus 'affine_layer2nd_out[0][214]' has non three-state driver 'C4380/Z'. (LINT-34)
Warning: In design 'ascon_top', three-state bus 'affine_layer2nd_out[0][215]' has non three-state driver 'C4379/Z'. (LINT-34)
Warning: In design 'ascon_top', three-state bus 'affine_layer2nd_out[0][216]' has non three-state driver 'C4378/Z'. (LINT-34)
Warning: In design 'ascon_top', three-state bus 'affine_layer2nd_out[0][217]' has non three-state driver 'C4377/Z'. (LINT-34)
Warning: In design 'ascon_top', three-state bus 'affine_layer2nd_out[0][218]' has non three-state driver 'C4376/Z'. (LINT-34)
Warning: In design 'ascon_top', three-state bus 'affine_layer2nd_out[0][219]' has non three-state driver 'C4375/Z'. (LINT-34)
Warning: In design 'ascon_top', three-state bus 'affine_layer2nd_out[0][220]' has non three-state driver 'C4374/Z'. (LINT-34)
Warning: In design 'ascon_top', three-state bus 'affine_layer2nd_out[0][221]' has non three-state driver 'C4373/Z'. (LINT-34)
Warning: In design 'ascon_top', three-state bus 'affine_layer2nd_out[0][222]' has non three-state driver 'C4372/Z'. (LINT-34)
Warning: In design 'ascon_top', three-state bus 'affine_layer2nd_out[0][223]' has non three-state driver 'C4371/Z'. (LINT-34)
Warning: In design 'ascon_top', three-state bus 'affine_layer2nd_out[0][224]' has non three-state driver 'C4370/Z'. (LINT-34)
Warning: In design 'ascon_top', three-state bus 'affine_layer2nd_out[0][225]' has non three-state driver 'C4369/Z'. (LINT-34)
Warning: In design 'ascon_top', three-state bus 'affine_layer2nd_out[0][226]' has non three-state driver 'C4368/Z'. (LINT-34)
Warning: In design 'ascon_top', three-state bus 'affine_layer2nd_out[0][227]' has non three-state driver 'C4367/Z'. (LINT-34)
Warning: In design 'ascon_top', three-state bus 'affine_layer2nd_out[0][228]' has non three-state driver 'C4366/Z'. (LINT-34)
Warning: In design 'ascon_top', three-state bus 'affine_layer2nd_out[0][229]' has non three-state driver 'C4365/Z'. (LINT-34)
Warning: In design 'ascon_top', three-state bus 'affine_layer2nd_out[0][230]' has non three-state driver 'C4364/Z'. (LINT-34)
Warning: In design 'ascon_top', three-state bus 'affine_layer2nd_out[0][231]' has non three-state driver 'C4363/Z'. (LINT-34)
Warning: In design 'ascon_top', three-state bus 'affine_layer2nd_out[0][232]' has non three-state driver 'C4362/Z'. (LINT-34)
Warning: In design 'ascon_top', three-state bus 'affine_layer2nd_out[0][233]' has non three-state driver 'C4361/Z'. (LINT-34)
Warning: In design 'ascon_top', three-state bus 'affine_layer2nd_out[0][234]' has non three-state driver 'C4360/Z'. (LINT-34)
Warning: In design 'ascon_top', three-state bus 'affine_layer2nd_out[0][235]' has non three-state driver 'C4359/Z'. (LINT-34)
Warning: In design 'ascon_top', three-state bus 'affine_layer2nd_out[0][236]' has non three-state driver 'C4358/Z'. (LINT-34)
Warning: In design 'ascon_top', three-state bus 'affine_layer2nd_out[0][237]' has non three-state driver 'C4357/Z'. (LINT-34)
Warning: In design 'ascon_top', three-state bus 'affine_layer2nd_out[0][238]' has non three-state driver 'C4356/Z'. (LINT-34)
Warning: In design 'ascon_top', three-state bus 'affine_layer2nd_out[0][239]' has non three-state driver 'C4355/Z'. (LINT-34)
Warning: In design 'ascon_top', three-state bus 'affine_layer2nd_out[0][240]' has non three-state driver 'C4354/Z'. (LINT-34)
Warning: In design 'ascon_top', three-state bus 'affine_layer2nd_out[0][241]' has non three-state driver 'C4353/Z'. (LINT-34)
Warning: In design 'ascon_top', three-state bus 'affine_layer2nd_out[0][242]' has non three-state driver 'C4352/Z'. (LINT-34)
Warning: In design 'ascon_top', three-state bus 'affine_layer2nd_out[0][243]' has non three-state driver 'C4351/Z'. (LINT-34)
Warning: In design 'ascon_top', three-state bus 'affine_layer2nd_out[0][244]' has non three-state driver 'C4350/Z'. (LINT-34)
Warning: In design 'ascon_top', three-state bus 'affine_layer2nd_out[0][245]' has non three-state driver 'C4349/Z'. (LINT-34)
Warning: In design 'ascon_top', three-state bus 'affine_layer2nd_out[0][246]' has non three-state driver 'C4348/Z'. (LINT-34)
Warning: In design 'ascon_top', three-state bus 'affine_layer2nd_out[0][247]' has non three-state driver 'C4347/Z'. (LINT-34)
Warning: In design 'ascon_top', three-state bus 'affine_layer2nd_out[0][248]' has non three-state driver 'C4346/Z'. (LINT-34)
Warning: In design 'ascon_top', three-state bus 'affine_layer2nd_out[0][249]' has non three-state driver 'C4345/Z'. (LINT-34)
Warning: In design 'ascon_top', three-state bus 'affine_layer2nd_out[0][250]' has non three-state driver 'C4344/Z'. (LINT-34)
Warning: In design 'ascon_top', three-state bus 'affine_layer2nd_out[0][251]' has non three-state driver 'C4343/Z'. (LINT-34)
Warning: In design 'ascon_top', three-state bus 'affine_layer2nd_out[0][252]' has non three-state driver 'C4342/Z'. (LINT-34)
Warning: In design 'ascon_top', three-state bus 'affine_layer2nd_out[0][253]' has non three-state driver 'C4341/Z'. (LINT-34)
Warning: In design 'ascon_top', three-state bus 'affine_layer2nd_out[0][254]' has non three-state driver 'C4340/Z'. (LINT-34)
Warning: In design 'ascon_top', three-state bus 'affine_layer2nd_out[0][255]' has non three-state driver 'C4339/Z'. (LINT-34)
Warning: In design 'ascon_top', three-state bus 'affine_layer[0].affine_layer2nd_in_temp[0]' has non three-state driver 'I_74/Z'. (LINT-34)
Warning: In design 'ascon_top', three-state bus 'affine_layer[0].affine_layer2nd_in_temp[1]' has non three-state driver 'I_73/Z'. (LINT-34)
Warning: In design 'ascon_top', three-state bus 'affine_layer[0].affine_layer2nd_in_temp[2]' has non three-state driver 'I_72/Z'. (LINT-34)
Warning: In design 'ascon_top', three-state bus 'affine_layer[0].affine_layer2nd_in_temp[3]' has non three-state driver 'I_71/Z'. (LINT-34)
Warning: In design 'ascon_top', three-state bus 'affine_layer[0].affine_layer2nd_in_temp[4]' has non three-state driver 'I_70/Z'. (LINT-34)
Warning: In design 'ascon_top', three-state bus 'affine_layer[0].affine_layer2nd_in_temp[5]' has non three-state driver 'I_69/Z'. (LINT-34)
Warning: In design 'ascon_top', three-state bus 'affine_layer[0].affine_layer2nd_in_temp[6]' has non three-state driver 'I_68/Z'. (LINT-34)
Warning: In design 'ascon_top', three-state bus 'affine_layer[0].affine_layer2nd_in_temp[7]' has non three-state driver 'I_67/Z'. (LINT-34)
Warning: In design 'ascon_top', three-state bus 'affine_layer[0].affine_layer2nd_in_temp[8]' has non three-state driver 'I_66/Z'. (LINT-34)
Warning: In design 'ascon_top', three-state bus 'affine_layer[0].affine_layer2nd_in_temp[9]' has non three-state driver 'I_65/Z'. (LINT-34)
Warning: In design 'ascon_top', three-state bus 'affine_layer[0].affine_layer2nd_in_temp[10]' has non three-state driver 'I_64/Z'. (LINT-34)
Warning: In design 'ascon_top', three-state bus 'affine_layer[0].affine_layer2nd_in_temp[11]' has non three-state driver 'I_63/Z'. (LINT-34)
Warning: In design 'ascon_top', three-state bus 'affine_layer[0].affine_layer2nd_in_temp[12]' has non three-state driver 'I_62/Z'. (LINT-34)
Warning: In design 'ascon_top', three-state bus 'affine_layer[0].affine_layer2nd_in_temp[13]' has non three-state driver 'I_61/Z'. (LINT-34)
Warning: In design 'ascon_top', three-state bus 'affine_layer[0].affine_layer2nd_in_temp[14]' has non three-state driver 'I_60/Z'. (LINT-34)
Warning: In design 'ascon_top', three-state bus 'affine_layer[0].affine_layer2nd_in_temp[15]' has non three-state driver 'I_59/Z'. (LINT-34)
Warning: In design 'ascon_top', three-state bus 'affine_layer[0].affine_layer2nd_in_temp[16]' has non three-state driver 'I_58/Z'. (LINT-34)
Warning: In design 'ascon_top', three-state bus 'affine_layer[0].affine_layer2nd_in_temp[17]' has non three-state driver 'I_57/Z'. (LINT-34)
Warning: In design 'ascon_top', three-state bus 'affine_layer[0].affine_layer2nd_in_temp[18]' has non three-state driver 'I_56/Z'. (LINT-34)
Warning: In design 'ascon_top', three-state bus 'affine_layer[0].affine_layer2nd_in_temp[19]' has non three-state driver 'I_55/Z'. (LINT-34)
Warning: In design 'ascon_top', three-state bus 'affine_layer[0].affine_layer2nd_in_temp[20]' has non three-state driver 'I_54/Z'. (LINT-34)
Warning: In design 'ascon_top', three-state bus 'affine_layer[0].affine_layer2nd_in_temp[21]' has non three-state driver 'I_53/Z'. (LINT-34)
Warning: In design 'ascon_top', three-state bus 'affine_layer[0].affine_layer2nd_in_temp[22]' has non three-state driver 'I_52/Z'. (LINT-34)
Warning: In design 'ascon_top', three-state bus 'affine_layer[0].affine_layer2nd_in_temp[23]' has non three-state driver 'I_51/Z'. (LINT-34)
Warning: In design 'ascon_top', three-state bus 'affine_layer[0].affine_layer2nd_in_temp[24]' has non three-state driver 'I_50/Z'. (LINT-34)
Warning: In design 'ascon_top', three-state bus 'affine_layer[0].affine_layer2nd_in_temp[25]' has non three-state driver 'I_49/Z'. (LINT-34)
Warning: In design 'ascon_top', three-state bus 'affine_layer[0].affine_layer2nd_in_temp[26]' has non three-state driver 'I_48/Z'. (LINT-34)
Warning: In design 'ascon_top', three-state bus 'affine_layer[0].affine_layer2nd_in_temp[27]' has non three-state driver 'I_47/Z'. (LINT-34)
Warning: In design 'ascon_top', three-state bus 'affine_layer[0].affine_layer2nd_in_temp[28]' has non three-state driver 'I_46/Z'. (LINT-34)
Warning: In design 'ascon_top', three-state bus 'affine_layer[0].affine_layer2nd_in_temp[29]' has non three-state driver 'I_45/Z'. (LINT-34)
Warning: In design 'ascon_top', three-state bus 'affine_layer[0].affine_layer2nd_in_temp[30]' has non three-state driver 'I_44/Z'. (LINT-34)
Warning: In design 'ascon_top', three-state bus 'affine_layer[0].affine_layer2nd_in_temp[31]' has non three-state driver 'I_43/Z'. (LINT-34)
Warning: In design 'ascon_top', three-state bus 'affine_layer[0].affine_layer2nd_in_temp[32]' has non three-state driver 'I_42/Z'. (LINT-34)
Warning: In design 'ascon_top', three-state bus 'affine_layer[0].affine_layer2nd_in_temp[33]' has non three-state driver 'I_41/Z'. (LINT-34)
Warning: In design 'ascon_top', three-state bus 'affine_layer[0].affine_layer2nd_in_temp[34]' has non three-state driver 'I_40/Z'. (LINT-34)
Warning: In design 'ascon_top', three-state bus 'affine_layer[0].affine_layer2nd_in_temp[35]' has non three-state driver 'I_39/Z'. (LINT-34)
Warning: In design 'ascon_top', three-state bus 'affine_layer[0].affine_layer2nd_in_temp[36]' has non three-state driver 'I_38/Z'. (LINT-34)
Warning: In design 'ascon_top', three-state bus 'affine_layer[0].affine_layer2nd_in_temp[37]' has non three-state driver 'I_37/Z'. (LINT-34)
Warning: In design 'ascon_top', three-state bus 'affine_layer[0].affine_layer2nd_in_temp[38]' has non three-state driver 'I_36/Z'. (LINT-34)
Warning: In design 'ascon_top', three-state bus 'affine_layer[0].affine_layer2nd_in_temp[39]' has non three-state driver 'I_35/Z'. (LINT-34)
Warning: In design 'ascon_top', three-state bus 'affine_layer[0].affine_layer2nd_in_temp[40]' has non three-state driver 'I_34/Z'. (LINT-34)
Warning: In design 'ascon_top', three-state bus 'affine_layer[0].affine_layer2nd_in_temp[41]' has non three-state driver 'I_33/Z'. (LINT-34)
Warning: In design 'ascon_top', three-state bus 'affine_layer[0].affine_layer2nd_in_temp[42]' has non three-state driver 'I_32/Z'. (LINT-34)
Warning: In design 'ascon_top', three-state bus 'affine_layer[0].affine_layer2nd_in_temp[43]' has non three-state driver 'I_31/Z'. (LINT-34)
Warning: In design 'ascon_top', three-state bus 'affine_layer[0].affine_layer2nd_in_temp[44]' has non three-state driver 'I_30/Z'. (LINT-34)
Warning: In design 'ascon_top', three-state bus 'affine_layer[0].affine_layer2nd_in_temp[45]' has non three-state driver 'I_29/Z'. (LINT-34)
Warning: In design 'ascon_top', three-state bus 'affine_layer[0].affine_layer2nd_in_temp[46]' has non three-state driver 'I_28/Z'. (LINT-34)
Warning: In design 'ascon_top', three-state bus 'affine_layer[0].affine_layer2nd_in_temp[47]' has non three-state driver 'I_27/Z'. (LINT-34)
Warning: In design 'ascon_top', three-state bus 'affine_layer[0].affine_layer2nd_in_temp[48]' has non three-state driver 'I_26/Z'. (LINT-34)
Warning: In design 'ascon_top', three-state bus 'affine_layer[0].affine_layer2nd_in_temp[49]' has non three-state driver 'I_25/Z'. (LINT-34)
Warning: In design 'ascon_top', three-state bus 'affine_layer[0].affine_layer2nd_in_temp[50]' has non three-state driver 'I_24/Z'. (LINT-34)
Warning: In design 'ascon_top', three-state bus 'affine_layer[0].affine_layer2nd_in_temp[51]' has non three-state driver 'I_23/Z'. (LINT-34)
Warning: In design 'ascon_top', three-state bus 'affine_layer[0].affine_layer2nd_in_temp[52]' has non three-state driver 'I_22/Z'. (LINT-34)
Warning: In design 'ascon_top', three-state bus 'affine_layer[0].affine_layer2nd_in_temp[53]' has non three-state driver 'I_21/Z'. (LINT-34)
Warning: In design 'ascon_top', three-state bus 'affine_layer[0].affine_layer2nd_in_temp[54]' has non three-state driver 'I_20/Z'. (LINT-34)
Warning: In design 'ascon_top', three-state bus 'affine_layer[0].affine_layer2nd_in_temp[55]' has non three-state driver 'I_19/Z'. (LINT-34)
Warning: In design 'ascon_top', three-state bus 'affine_layer[0].affine_layer2nd_in_temp[56]' has non three-state driver 'I_18/Z'. (LINT-34)
Warning: In design 'ascon_top', three-state bus 'affine_layer[0].affine_layer2nd_in_temp[57]' has non three-state driver 'I_17/Z'. (LINT-34)
Warning: In design 'ascon_top', three-state bus 'affine_layer[0].affine_layer2nd_in_temp[58]' has non three-state driver 'I_16/Z'. (LINT-34)
Warning: In design 'ascon_top', three-state bus 'affine_layer[0].affine_layer2nd_in_temp[59]' has non three-state driver 'I_15/Z'. (LINT-34)
Warning: In design 'ascon_top', three-state bus 'affine_layer[0].affine_layer2nd_in_temp[60]' has non three-state driver 'I_14/Z'. (LINT-34)
Warning: In design 'ascon_top', three-state bus 'affine_layer[0].affine_layer2nd_in_temp[61]' has non three-state driver 'I_13/Z'. (LINT-34)
Warning: In design 'ascon_top', three-state bus 'affine_layer[0].affine_layer2nd_in_temp[62]' has non three-state driver 'I_12/Z'. (LINT-34)
Warning: In design 'ascon_top', three-state bus 'affine_layer[0].affine_layer2nd_in_temp[63]' has non three-state driver 'I_11/Z'. (LINT-34)
Warning: In design 'ascon_top', three-state bus 'mux_sbox_out[0][4]' has non three-state driver 'C3966/Z_4'. (LINT-34)
Warning: In design 'ascon_top', three-state bus 'mux_sbox_out[1][4]' has non three-state driver 'C3966/Z_9'. (LINT-34)
Warning: In design 'ascon_top', three-state bus 'mux_sbox_out[2][4]' has non three-state driver 'C3966/Z_14'. (LINT-34)
Warning: In design 'ascon_top', three-state bus 'mux_sbox_out[3][4]' has non three-state driver 'C3966/Z_19'. (LINT-34)
Warning: In design 'ascon_top', three-state bus 'mux_sbox_out[4][4]' has non three-state driver 'C3966/Z_24'. (LINT-34)
Warning: In design 'ascon_top', three-state bus 'mux_sbox_out[5][4]' has non three-state driver 'C3966/Z_29'. (LINT-34)
Warning: In design 'ascon_top', three-state bus 'mux_sbox_out[6][4]' has non three-state driver 'C3966/Z_34'. (LINT-34)
Warning: In design 'ascon_top', three-state bus 'mux_sbox_out[7][4]' has non three-state driver 'C3966/Z_39'. (LINT-34)
Warning: In design 'ascon_top', three-state bus 'mux_sbox_out[8][4]' has non three-state driver 'C3966/Z_44'. (LINT-34)
Warning: In design 'ascon_top', three-state bus 'mux_sbox_out[9][4]' has non three-state driver 'C3966/Z_49'. (LINT-34)
Warning: In design 'ascon_top', three-state bus 'mux_sbox_out[10][4]' has non three-state driver 'C3966/Z_54'. (LINT-34)
Warning: In design 'ascon_top', three-state bus 'mux_sbox_out[11][4]' has non three-state driver 'C3966/Z_59'. (LINT-34)
Warning: In design 'ascon_top', three-state bus 'mux_sbox_out[12][4]' has non three-state driver 'C3966/Z_64'. (LINT-34)
Warning: In design 'ascon_top', three-state bus 'mux_sbox_out[13][4]' has non three-state driver 'C3966/Z_69'. (LINT-34)
Warning: In design 'ascon_top', three-state bus 'mux_sbox_out[14][4]' has non three-state driver 'C3966/Z_74'. (LINT-34)
Warning: In design 'ascon_top', three-state bus 'mux_sbox_out[15][4]' has non three-state driver 'C3966/Z_79'. (LINT-34)
Warning: In design 'ascon_top', three-state bus 'mux_sbox_out[16][4]' has non three-state driver 'C3966/Z_84'. (LINT-34)
Warning: In design 'ascon_top', three-state bus 'mux_sbox_out[17][4]' has non three-state driver 'C3966/Z_89'. (LINT-34)
Warning: In design 'ascon_top', three-state bus 'mux_sbox_out[18][4]' has non three-state driver 'C3966/Z_94'. (LINT-34)
Warning: In design 'ascon_top', three-state bus 'mux_sbox_out[19][4]' has non three-state driver 'C3966/Z_99'. (LINT-34)
Warning: In design 'ascon_top', three-state bus 'mux_sbox_out[20][4]' has non three-state driver 'C3966/Z_104'. (LINT-34)
Warning: In design 'ascon_top', three-state bus 'mux_sbox_out[21][4]' has non three-state driver 'C3966/Z_109'. (LINT-34)
Warning: In design 'ascon_top', three-state bus 'mux_sbox_out[22][4]' has non three-state driver 'C3966/Z_114'. (LINT-34)
Warning: In design 'ascon_top', three-state bus 'mux_sbox_out[23][4]' has non three-state driver 'C3966/Z_119'. (LINT-34)
Warning: In design 'ascon_top', three-state bus 'mux_sbox_out[24][4]' has non three-state driver 'C3966/Z_124'. (LINT-34)
Warning: In design 'ascon_top', three-state bus 'mux_sbox_out[25][4]' has non three-state driver 'C3966/Z_129'. (LINT-34)
Warning: In design 'ascon_top', three-state bus 'mux_sbox_out[26][4]' has non three-state driver 'C3966/Z_134'. (LINT-34)
Warning: In design 'ascon_top', three-state bus 'mux_sbox_out[27][4]' has non three-state driver 'C3966/Z_139'. (LINT-34)
Warning: In design 'ascon_top', three-state bus 'mux_sbox_out[28][4]' has non three-state driver 'C3966/Z_144'. (LINT-34)
Warning: In design 'ascon_top', three-state bus 'mux_sbox_out[29][4]' has non three-state driver 'C3966/Z_149'. (LINT-34)
Warning: In design 'ascon_top', three-state bus 'mux_sbox_out[30][4]' has non three-state driver 'C3966/Z_154'. (LINT-34)
Warning: In design 'ascon_top', three-state bus 'mux_sbox_out[31][4]' has non three-state driver 'C3966/Z_159'. (LINT-34)
Warning: In design 'ascon_top', three-state bus 'mux_sbox_out[32][4]' has non three-state driver 'C3966/Z_164'. (LINT-34)
Warning: In design 'ascon_top', three-state bus 'mux_sbox_out[33][4]' has non three-state driver 'C3966/Z_169'. (LINT-34)
Warning: In design 'ascon_top', three-state bus 'mux_sbox_out[34][4]' has non three-state driver 'C3966/Z_174'. (LINT-34)
Warning: In design 'ascon_top', three-state bus 'mux_sbox_out[35][4]' has non three-state driver 'C3966/Z_179'. (LINT-34)
Warning: In design 'ascon_top', three-state bus 'mux_sbox_out[36][4]' has non three-state driver 'C3966/Z_184'. (LINT-34)
Warning: In design 'ascon_top', three-state bus 'mux_sbox_out[37][4]' has non three-state driver 'C3966/Z_189'. (LINT-34)
Warning: In design 'ascon_top', three-state bus 'mux_sbox_out[38][4]' has non three-state driver 'C3966/Z_194'. (LINT-34)
Warning: In design 'ascon_top', three-state bus 'mux_sbox_out[39][4]' has non three-state driver 'C3966/Z_199'. (LINT-34)
Warning: In design 'ascon_top', three-state bus 'mux_sbox_out[40][4]' has non three-state driver 'C3966/Z_204'. (LINT-34)
Warning: In design 'ascon_top', three-state bus 'mux_sbox_out[41][4]' has non three-state driver 'C3966/Z_209'. (LINT-34)
Warning: In design 'ascon_top', three-state bus 'mux_sbox_out[42][4]' has non three-state driver 'C3966/Z_214'. (LINT-34)
Warning: In design 'ascon_top', three-state bus 'mux_sbox_out[43][4]' has non three-state driver 'C3966/Z_219'. (LINT-34)
Warning: In design 'ascon_top', three-state bus 'mux_sbox_out[44][4]' has non three-state driver 'C3966/Z_224'. (LINT-34)
Warning: In design 'ascon_top', three-state bus 'mux_sbox_out[45][4]' has non three-state driver 'C3966/Z_229'. (LINT-34)
Warning: In design 'ascon_top', three-state bus 'mux_sbox_out[46][4]' has non three-state driver 'C3966/Z_234'. (LINT-34)
Warning: In design 'ascon_top', three-state bus 'mux_sbox_out[47][4]' has non three-state driver 'C3966/Z_239'. (LINT-34)
Warning: In design 'ascon_top', three-state bus 'mux_sbox_out[48][4]' has non three-state driver 'C3966/Z_244'. (LINT-34)
Warning: In design 'ascon_top', three-state bus 'mux_sbox_out[49][4]' has non three-state driver 'C3966/Z_249'. (LINT-34)
Warning: In design 'ascon_top', three-state bus 'mux_sbox_out[50][4]' has non three-state driver 'C3966/Z_254'. (LINT-34)
Warning: In design 'ascon_top', three-state bus 'mux_sbox_out[51][4]' has non three-state driver 'C3966/Z_259'. (LINT-34)
Warning: In design 'ascon_top', three-state bus 'mux_sbox_out[52][4]' has non three-state driver 'C3966/Z_264'. (LINT-34)
Warning: In design 'ascon_top', three-state bus 'mux_sbox_out[53][4]' has non three-state driver 'C3966/Z_269'. (LINT-34)
Warning: In design 'ascon_top', three-state bus 'mux_sbox_out[54][4]' has non three-state driver 'C3966/Z_274'. (LINT-34)
Warning: In design 'ascon_top', three-state bus 'mux_sbox_out[55][4]' has non three-state driver 'C3966/Z_279'. (LINT-34)
Warning: In design 'ascon_top', three-state bus 'mux_sbox_out[56][4]' has non three-state driver 'C3966/Z_284'. (LINT-34)
Warning: In design 'ascon_top', three-state bus 'mux_sbox_out[57][4]' has non three-state driver 'C3966/Z_289'. (LINT-34)
Warning: In design 'ascon_top', three-state bus 'mux_sbox_out[58][4]' has non three-state driver 'C3966/Z_294'. (LINT-34)
Warning: In design 'ascon_top', three-state bus 'mux_sbox_out[59][4]' has non three-state driver 'C3966/Z_299'. (LINT-34)
Warning: In design 'ascon_top', three-state bus 'mux_sbox_out[60][4]' has non three-state driver 'C3966/Z_304'. (LINT-34)
Warning: In design 'ascon_top', three-state bus 'mux_sbox_out[61][4]' has non three-state driver 'C3966/Z_309'. (LINT-34)
Warning: In design 'ascon_top', three-state bus 'mux_sbox_out[62][4]' has non three-state driver 'C3966/Z_314'. (LINT-34)
Warning: In design 'ascon_top', three-state bus 'mux_sbox_out[63][4]' has non three-state driver 'C3966/Z_319'. (LINT-34)
Warning: In design 'ascon_top', three-state bus 'state_reg_in_shares[0][0]' has non three-state driver 'C4001/Z_0'. (LINT-34)
Warning: In design 'ascon_top', three-state bus 'state_reg_in_shares[0][1]' has non three-state driver 'C4001/Z_1'. (LINT-34)
Warning: In design 'ascon_top', three-state bus 'state_reg_in_shares[0][2]' has non three-state driver 'C4001/Z_2'. (LINT-34)
Warning: In design 'ascon_top', three-state bus 'state_reg_in_shares[0][3]' has non three-state driver 'C4001/Z_3'. (LINT-34)
Warning: In design 'ascon_top', three-state bus 'state_reg_in_shares[0][4]' has non three-state driver 'C4001/Z_4'. (LINT-34)
Warning: In design 'ascon_top', three-state bus 'state_reg_in_shares[0][5]' has non three-state driver 'C4001/Z_5'. (LINT-34)
Warning: In design 'ascon_top', three-state bus 'state_reg_in_shares[0][6]' has non three-state driver 'C4001/Z_6'. (LINT-34)
Warning: In design 'ascon_top', three-state bus 'state_reg_in_shares[0][7]' has non three-state driver 'C4001/Z_7'. (LINT-34)
Warning: In design 'ascon_top', three-state bus 'state_reg_in_shares[0][8]' has non three-state driver 'C4001/Z_8'. (LINT-34)
Warning: In design 'ascon_top', three-state bus 'state_reg_in_shares[0][9]' has non three-state driver 'C4001/Z_9'. (LINT-34)
Warning: In design 'ascon_top', three-state bus 'state_reg_in_shares[0][10]' has non three-state driver 'C4001/Z_10'. (LINT-34)
Warning: In design 'ascon_top', three-state bus 'state_reg_in_shares[0][11]' has non three-state driver 'C4001/Z_11'. (LINT-34)
Warning: In design 'ascon_top', three-state bus 'state_reg_in_shares[0][12]' has non three-state driver 'C4001/Z_12'. (LINT-34)
Warning: In design 'ascon_top', three-state bus 'state_reg_in_shares[0][13]' has non three-state driver 'C4001/Z_13'. (LINT-34)
Warning: In design 'ascon_top', three-state bus 'state_reg_in_shares[0][14]' has non three-state driver 'C4001/Z_14'. (LINT-34)
Warning: In design 'ascon_top', three-state bus 'state_reg_in_shares[0][15]' has non three-state driver 'C4001/Z_15'. (LINT-34)
Warning: In design 'ascon_top', three-state bus 'state_reg_in_shares[0][16]' has non three-state driver 'C4001/Z_16'. (LINT-34)
Warning: In design 'ascon_top', three-state bus 'state_reg_in_shares[0][17]' has non three-state driver 'C4001/Z_17'. (LINT-34)
Warning: In design 'ascon_top', three-state bus 'state_reg_in_shares[0][18]' has non three-state driver 'C4001/Z_18'. (LINT-34)
Warning: In design 'ascon_top', three-state bus 'state_reg_in_shares[0][19]' has non three-state driver 'C4001/Z_19'. (LINT-34)
Warning: In design 'ascon_top', three-state bus 'state_reg_in_shares[0][20]' has non three-state driver 'C4001/Z_20'. (LINT-34)
Warning: In design 'ascon_top', three-state bus 'state_reg_in_shares[0][21]' has non three-state driver 'C4001/Z_21'. (LINT-34)
Warning: In design 'ascon_top', three-state bus 'state_reg_in_shares[0][22]' has non three-state driver 'C4001/Z_22'. (LINT-34)
Warning: In design 'ascon_top', three-state bus 'state_reg_in_shares[0][23]' has non three-state driver 'C4001/Z_23'. (LINT-34)
Warning: In design 'ascon_top', three-state bus 'state_reg_in_shares[0][24]' has non three-state driver 'C4001/Z_24'. (LINT-34)
Warning: In design 'ascon_top', three-state bus 'state_reg_in_shares[0][25]' has non three-state driver 'C4001/Z_25'. (LINT-34)
Warning: In design 'ascon_top', three-state bus 'state_reg_in_shares[0][26]' has non three-state driver 'C4001/Z_26'. (LINT-34)
Warning: In design 'ascon_top', three-state bus 'state_reg_in_shares[0][27]' has non three-state driver 'C4001/Z_27'. (LINT-34)
Warning: In design 'ascon_top', three-state bus 'state_reg_in_shares[0][28]' has non three-state driver 'C4001/Z_28'. (LINT-34)
Warning: In design 'ascon_top', three-state bus 'state_reg_in_shares[0][29]' has non three-state driver 'C4001/Z_29'. (LINT-34)
Warning: In design 'ascon_top', three-state bus 'state_reg_in_shares[0][30]' has non three-state driver 'C4001/Z_30'. (LINT-34)
Warning: In design 'ascon_top', three-state bus 'state_reg_in_shares[0][31]' has non three-state driver 'C4001/Z_31'. (LINT-34)
Warning: In design 'ascon_top', three-state bus 'state_reg_in_shares[0][32]' has non three-state driver 'C4001/Z_32'. (LINT-34)
Warning: In design 'ascon_top', three-state bus 'state_reg_in_shares[0][33]' has non three-state driver 'C4001/Z_33'. (LINT-34)
Warning: In design 'ascon_top', three-state bus 'state_reg_in_shares[0][34]' has non three-state driver 'C4001/Z_34'. (LINT-34)
Warning: In design 'ascon_top', three-state bus 'state_reg_in_shares[0][35]' has non three-state driver 'C4001/Z_35'. (LINT-34)
Warning: In design 'ascon_top', three-state bus 'state_reg_in_shares[0][36]' has non three-state driver 'C4001/Z_36'. (LINT-34)
Warning: In design 'ascon_top', three-state bus 'state_reg_in_shares[0][37]' has non three-state driver 'C4001/Z_37'. (LINT-34)
Warning: In design 'ascon_top', three-state bus 'state_reg_in_shares[0][38]' has non three-state driver 'C4001/Z_38'. (LINT-34)
Warning: In design 'ascon_top', three-state bus 'state_reg_in_shares[0][39]' has non three-state driver 'C4001/Z_39'. (LINT-34)
Warning: In design 'ascon_top', three-state bus 'state_reg_in_shares[0][40]' has non three-state driver 'C4001/Z_40'. (LINT-34)
Warning: In design 'ascon_top', three-state bus 'state_reg_in_shares[0][41]' has non three-state driver 'C4001/Z_41'. (LINT-34)
Warning: In design 'ascon_top', three-state bus 'state_reg_in_shares[0][42]' has non three-state driver 'C4001/Z_42'. (LINT-34)
Warning: In design 'ascon_top', three-state bus 'state_reg_in_shares[0][43]' has non three-state driver 'C4001/Z_43'. (LINT-34)
Warning: In design 'ascon_top', three-state bus 'state_reg_in_shares[0][44]' has non three-state driver 'C4001/Z_44'. (LINT-34)
Warning: In design 'ascon_top', three-state bus 'state_reg_in_shares[0][45]' has non three-state driver 'C4001/Z_45'. (LINT-34)
Warning: In design 'ascon_top', three-state bus 'state_reg_in_shares[0][46]' has non three-state driver 'C4001/Z_46'. (LINT-34)
Warning: In design 'ascon_top', three-state bus 'state_reg_in_shares[0][47]' has non three-state driver 'C4001/Z_47'. (LINT-34)
Warning: In design 'ascon_top', three-state bus 'state_reg_in_shares[0][48]' has non three-state driver 'C4001/Z_48'. (LINT-34)
Warning: In design 'ascon_top', three-state bus 'state_reg_in_shares[0][49]' has non three-state driver 'C4001/Z_49'. (LINT-34)
Warning: In design 'ascon_top', three-state bus 'state_reg_in_shares[0][50]' has non three-state driver 'C4001/Z_50'. (LINT-34)
Warning: In design 'ascon_top', three-state bus 'state_reg_in_shares[0][51]' has non three-state driver 'C4001/Z_51'. (LINT-34)
Warning: In design 'ascon_top', three-state bus 'state_reg_in_shares[0][52]' has non three-state driver 'C4001/Z_52'. (LINT-34)
Warning: In design 'ascon_top', three-state bus 'state_reg_in_shares[0][53]' has non three-state driver 'C4001/Z_53'. (LINT-34)
Warning: In design 'ascon_top', three-state bus 'state_reg_in_shares[0][54]' has non three-state driver 'C4001/Z_54'. (LINT-34)
Warning: In design 'ascon_top', three-state bus 'state_reg_in_shares[0][55]' has non three-state driver 'C4001/Z_55'. (LINT-34)
Warning: In design 'ascon_top', three-state bus 'state_reg_in_shares[0][56]' has non three-state driver 'C4001/Z_56'. (LINT-34)
Warning: In design 'ascon_top', three-state bus 'state_reg_in_shares[0][57]' has non three-state driver 'C4001/Z_57'. (LINT-34)
Warning: In design 'ascon_top', three-state bus 'state_reg_in_shares[0][58]' has non three-state driver 'C4001/Z_58'. (LINT-34)
Warning: In design 'ascon_top', three-state bus 'state_reg_in_shares[0][59]' has non three-state driver 'C4001/Z_59'. (LINT-34)
Warning: In design 'ascon_top', three-state bus 'state_reg_in_shares[0][60]' has non three-state driver 'C4001/Z_60'. (LINT-34)
Warning: In design 'ascon_top', three-state bus 'state_reg_in_shares[0][61]' has non three-state driver 'C4001/Z_61'. (LINT-34)
Warning: In design 'ascon_top', three-state bus 'state_reg_in_shares[0][62]' has non three-state driver 'C4001/Z_62'. (LINT-34)
Warning: In design 'ascon_top', three-state bus 'state_reg_in_shares[0][63]' has non three-state driver 'C4001/Z_63'. (LINT-34)
Warning: In design 'ascon_top', three-state bus 'state_reg_in_shares[0][64]' has non three-state driver 'C4001/Z_64'. (LINT-34)
Warning: In design 'ascon_top', three-state bus 'state_reg_in_shares[0][65]' has non three-state driver 'C4001/Z_65'. (LINT-34)
Warning: In design 'ascon_top', three-state bus 'state_reg_in_shares[0][66]' has non three-state driver 'C4001/Z_66'. (LINT-34)
Warning: In design 'ascon_top', three-state bus 'state_reg_in_shares[0][67]' has non three-state driver 'C4001/Z_67'. (LINT-34)
Warning: In design 'ascon_top', three-state bus 'state_reg_in_shares[0][68]' has non three-state driver 'C4001/Z_68'. (LINT-34)
Warning: In design 'ascon_top', three-state bus 'state_reg_in_shares[0][69]' has non three-state driver 'C4001/Z_69'. (LINT-34)
Warning: In design 'ascon_top', three-state bus 'state_reg_in_shares[0][70]' has non three-state driver 'C4001/Z_70'. (LINT-34)
Warning: In design 'ascon_top', three-state bus 'state_reg_in_shares[0][71]' has non three-state driver 'C4001/Z_71'. (LINT-34)
Warning: In design 'ascon_top', three-state bus 'state_reg_in_shares[0][72]' has non three-state driver 'C4001/Z_72'. (LINT-34)
Warning: In design 'ascon_top', three-state bus 'state_reg_in_shares[0][73]' has non three-state driver 'C4001/Z_73'. (LINT-34)
Warning: In design 'ascon_top', three-state bus 'state_reg_in_shares[0][74]' has non three-state driver 'C4001/Z_74'. (LINT-34)
Warning: In design 'ascon_top', three-state bus 'state_reg_in_shares[0][75]' has non three-state driver 'C4001/Z_75'. (LINT-34)
Warning: In design 'ascon_top', three-state bus 'state_reg_in_shares[0][76]' has non three-state driver 'C4001/Z_76'. (LINT-34)
Warning: In design 'ascon_top', three-state bus 'state_reg_in_shares[0][77]' has non three-state driver 'C4001/Z_77'. (LINT-34)
Warning: In design 'ascon_top', three-state bus 'state_reg_in_shares[0][78]' has non three-state driver 'C4001/Z_78'. (LINT-34)
Warning: In design 'ascon_top', three-state bus 'state_reg_in_shares[0][79]' has non three-state driver 'C4001/Z_79'. (LINT-34)
Warning: In design 'ascon_top', three-state bus 'state_reg_in_shares[0][80]' has non three-state driver 'C4001/Z_80'. (LINT-34)
Warning: In design 'ascon_top', three-state bus 'state_reg_in_shares[0][81]' has non three-state driver 'C4001/Z_81'. (LINT-34)
Warning: In design 'ascon_top', three-state bus 'state_reg_in_shares[0][82]' has non three-state driver 'C4001/Z_82'. (LINT-34)
Warning: In design 'ascon_top', three-state bus 'state_reg_in_shares[0][83]' has non three-state driver 'C4001/Z_83'. (LINT-34)
Warning: In design 'ascon_top', three-state bus 'state_reg_in_shares[0][84]' has non three-state driver 'C4001/Z_84'. (LINT-34)
Warning: In design 'ascon_top', three-state bus 'state_reg_in_shares[0][85]' has non three-state driver 'C4001/Z_85'. (LINT-34)
Warning: In design 'ascon_top', three-state bus 'state_reg_in_shares[0][86]' has non three-state driver 'C4001/Z_86'. (LINT-34)
Warning: In design 'ascon_top', three-state bus 'state_reg_in_shares[0][87]' has non three-state driver 'C4001/Z_87'. (LINT-34)
Warning: In design 'ascon_top', three-state bus 'state_reg_in_shares[0][88]' has non three-state driver 'C4001/Z_88'. (LINT-34)
Warning: In design 'ascon_top', three-state bus 'state_reg_in_shares[0][89]' has non three-state driver 'C4001/Z_89'. (LINT-34)
Warning: In design 'ascon_top', three-state bus 'state_reg_in_shares[0][90]' has non three-state driver 'C4001/Z_90'. (LINT-34)
Warning: In design 'ascon_top', three-state bus 'state_reg_in_shares[0][91]' has non three-state driver 'C4001/Z_91'. (LINT-34)
Warning: In design 'ascon_top', three-state bus 'state_reg_in_shares[0][92]' has non three-state driver 'C4001/Z_92'. (LINT-34)
Warning: In design 'ascon_top', three-state bus 'state_reg_in_shares[0][93]' has non three-state driver 'C4001/Z_93'. (LINT-34)
Warning: In design 'ascon_top', three-state bus 'state_reg_in_shares[0][94]' has non three-state driver 'C4001/Z_94'. (LINT-34)
Warning: In design 'ascon_top', three-state bus 'state_reg_in_shares[0][95]' has non three-state driver 'C4001/Z_95'. (LINT-34)
Warning: In design 'ascon_top', three-state bus 'state_reg_in_shares[0][96]' has non three-state driver 'C4001/Z_96'. (LINT-34)
Warning: In design 'ascon_top', three-state bus 'state_reg_in_shares[0][97]' has non three-state driver 'C4001/Z_97'. (LINT-34)
Warning: In design 'ascon_top', three-state bus 'state_reg_in_shares[0][98]' has non three-state driver 'C4001/Z_98'. (LINT-34)
Warning: In design 'ascon_top', three-state bus 'state_reg_in_shares[0][99]' has non three-state driver 'C4001/Z_99'. (LINT-34)
Warning: In design 'ascon_top', three-state bus 'state_reg_in_shares[0][100]' has non three-state driver 'C4001/Z_100'. (LINT-34)
Warning: In design 'ascon_top', three-state bus 'state_reg_in_shares[0][101]' has non three-state driver 'C4001/Z_101'. (LINT-34)
Warning: In design 'ascon_top', three-state bus 'state_reg_in_shares[0][102]' has non three-state driver 'C4001/Z_102'. (LINT-34)
Warning: In design 'ascon_top', three-state bus 'state_reg_in_shares[0][103]' has non three-state driver 'C4001/Z_103'. (LINT-34)
Warning: In design 'ascon_top', three-state bus 'state_reg_in_shares[0][104]' has non three-state driver 'C4001/Z_104'. (LINT-34)
Warning: In design 'ascon_top', three-state bus 'state_reg_in_shares[0][105]' has non three-state driver 'C4001/Z_105'. (LINT-34)
Warning: In design 'ascon_top', three-state bus 'state_reg_in_shares[0][106]' has non three-state driver 'C4001/Z_106'. (LINT-34)
Warning: In design 'ascon_top', three-state bus 'state_reg_in_shares[0][107]' has non three-state driver 'C4001/Z_107'. (LINT-34)
Warning: In design 'ascon_top', three-state bus 'state_reg_in_shares[0][108]' has non three-state driver 'C4001/Z_108'. (LINT-34)
Warning: In design 'ascon_top', three-state bus 'state_reg_in_shares[0][109]' has non three-state driver 'C4001/Z_109'. (LINT-34)
Warning: In design 'ascon_top', three-state bus 'state_reg_in_shares[0][110]' has non three-state driver 'C4001/Z_110'. (LINT-34)
Warning: In design 'ascon_top', three-state bus 'state_reg_in_shares[0][111]' has non three-state driver 'C4001/Z_111'. (LINT-34)
Warning: In design 'ascon_top', three-state bus 'state_reg_in_shares[0][112]' has non three-state driver 'C4001/Z_112'. (LINT-34)
Warning: In design 'ascon_top', three-state bus 'state_reg_in_shares[0][113]' has non three-state driver 'C4001/Z_113'. (LINT-34)
Warning: In design 'ascon_top', three-state bus 'state_reg_in_shares[0][114]' has non three-state driver 'C4001/Z_114'. (LINT-34)
Warning: In design 'ascon_top', three-state bus 'state_reg_in_shares[0][115]' has non three-state driver 'C4001/Z_115'. (LINT-34)
Warning: In design 'ascon_top', three-state bus 'state_reg_in_shares[0][116]' has non three-state driver 'C4001/Z_116'. (LINT-34)
Warning: In design 'ascon_top', three-state bus 'state_reg_in_shares[0][117]' has non three-state driver 'C4001/Z_117'. (LINT-34)
Warning: In design 'ascon_top', three-state bus 'state_reg_in_shares[0][118]' has non three-state driver 'C4001/Z_118'. (LINT-34)
Warning: In design 'ascon_top', three-state bus 'state_reg_in_shares[0][119]' has non three-state driver 'C4001/Z_119'. (LINT-34)
Warning: In design 'ascon_top', three-state bus 'state_reg_in_shares[0][120]' has non three-state driver 'C4001/Z_120'. (LINT-34)
Warning: In design 'ascon_top', three-state bus 'state_reg_in_shares[0][121]' has non three-state driver 'C4001/Z_121'. (LINT-34)
Warning: In design 'ascon_top', three-state bus 'state_reg_in_shares[0][122]' has non three-state driver 'C4001/Z_122'. (LINT-34)
Warning: In design 'ascon_top', three-state bus 'state_reg_in_shares[0][123]' has non three-state driver 'C4001/Z_123'. (LINT-34)
Warning: In design 'ascon_top', three-state bus 'state_reg_in_shares[0][124]' has non three-state driver 'C4001/Z_124'. (LINT-34)
Warning: In design 'ascon_top', three-state bus 'state_reg_in_shares[0][125]' has non three-state driver 'C4001/Z_125'. (LINT-34)
Warning: In design 'ascon_top', three-state bus 'state_reg_in_shares[0][126]' has non three-state driver 'C4001/Z_126'. (LINT-34)
Warning: In design 'ascon_top', three-state bus 'state_reg_in_shares[0][127]' has non three-state driver 'C4001/Z_127'. (LINT-34)
Warning: In design 'ascon_top', three-state bus 'state_reg_in_shares[0][128]' has non three-state driver 'C4001/Z_128'. (LINT-34)
Warning: In design 'ascon_top', three-state bus 'state_reg_in_shares[0][129]' has non three-state driver 'C4001/Z_129'. (LINT-34)
Warning: In design 'ascon_top', three-state bus 'state_reg_in_shares[0][130]' has non three-state driver 'C4001/Z_130'. (LINT-34)
Warning: In design 'ascon_top', three-state bus 'state_reg_in_shares[0][131]' has non three-state driver 'C4001/Z_131'. (LINT-34)
Warning: In design 'ascon_top', three-state bus 'state_reg_in_shares[0][132]' has non three-state driver 'C4001/Z_132'. (LINT-34)
Warning: In design 'ascon_top', three-state bus 'state_reg_in_shares[0][133]' has non three-state driver 'C4001/Z_133'. (LINT-34)
Warning: In design 'ascon_top', three-state bus 'state_reg_in_shares[0][134]' has non three-state driver 'C4001/Z_134'. (LINT-34)
Warning: In design 'ascon_top', three-state bus 'state_reg_in_shares[0][135]' has non three-state driver 'C4001/Z_135'. (LINT-34)
Warning: In design 'ascon_top', three-state bus 'state_reg_in_shares[0][136]' has non three-state driver 'C4001/Z_136'. (LINT-34)
Warning: In design 'ascon_top', three-state bus 'state_reg_in_shares[0][137]' has non three-state driver 'C4001/Z_137'. (LINT-34)
Warning: In design 'ascon_top', three-state bus 'state_reg_in_shares[0][138]' has non three-state driver 'C4001/Z_138'. (LINT-34)
Warning: In design 'ascon_top', three-state bus 'state_reg_in_shares[0][139]' has non three-state driver 'C4001/Z_139'. (LINT-34)
Warning: In design 'ascon_top', three-state bus 'state_reg_in_shares[0][140]' has non three-state driver 'C4001/Z_140'. (LINT-34)
Warning: In design 'ascon_top', three-state bus 'state_reg_in_shares[0][141]' has non three-state driver 'C4001/Z_141'. (LINT-34)
Warning: In design 'ascon_top', three-state bus 'state_reg_in_shares[0][142]' has non three-state driver 'C4001/Z_142'. (LINT-34)
Warning: In design 'ascon_top', three-state bus 'state_reg_in_shares[0][143]' has non three-state driver 'C4001/Z_143'. (LINT-34)
Warning: In design 'ascon_top', three-state bus 'state_reg_in_shares[0][144]' has non three-state driver 'C4001/Z_144'. (LINT-34)
Warning: In design 'ascon_top', three-state bus 'state_reg_in_shares[0][145]' has non three-state driver 'C4001/Z_145'. (LINT-34)
Warning: In design 'ascon_top', three-state bus 'state_reg_in_shares[0][146]' has non three-state driver 'C4001/Z_146'. (LINT-34)
Warning: In design 'ascon_top', three-state bus 'state_reg_in_shares[0][147]' has non three-state driver 'C4001/Z_147'. (LINT-34)
Warning: In design 'ascon_top', three-state bus 'state_reg_in_shares[0][148]' has non three-state driver 'C4001/Z_148'. (LINT-34)
Warning: In design 'ascon_top', three-state bus 'state_reg_in_shares[0][149]' has non three-state driver 'C4001/Z_149'. (LINT-34)
Warning: In design 'ascon_top', three-state bus 'state_reg_in_shares[0][150]' has non three-state driver 'C4001/Z_150'. (LINT-34)
Warning: In design 'ascon_top', three-state bus 'state_reg_in_shares[0][151]' has non three-state driver 'C4001/Z_151'. (LINT-34)
Warning: In design 'ascon_top', three-state bus 'state_reg_in_shares[0][152]' has non three-state driver 'C4001/Z_152'. (LINT-34)
Warning: In design 'ascon_top', three-state bus 'state_reg_in_shares[0][153]' has non three-state driver 'C4001/Z_153'. (LINT-34)
Warning: In design 'ascon_top', three-state bus 'state_reg_in_shares[0][154]' has non three-state driver 'C4001/Z_154'. (LINT-34)
Warning: In design 'ascon_top', three-state bus 'state_reg_in_shares[0][155]' has non three-state driver 'C4001/Z_155'. (LINT-34)
Warning: In design 'ascon_top', three-state bus 'state_reg_in_shares[0][156]' has non three-state driver 'C4001/Z_156'. (LINT-34)
Warning: In design 'ascon_top', three-state bus 'state_reg_in_shares[0][157]' has non three-state driver 'C4001/Z_157'. (LINT-34)
Warning: In design 'ascon_top', three-state bus 'state_reg_in_shares[0][158]' has non three-state driver 'C4001/Z_158'. (LINT-34)
Warning: In design 'ascon_top', three-state bus 'state_reg_in_shares[0][159]' has non three-state driver 'C4001/Z_159'. (LINT-34)
Warning: In design 'ascon_top', three-state bus 'state_reg_in_shares[0][160]' has non three-state driver 'C4001/Z_160'. (LINT-34)
Warning: In design 'ascon_top', three-state bus 'state_reg_in_shares[0][161]' has non three-state driver 'C4001/Z_161'. (LINT-34)
Warning: In design 'ascon_top', three-state bus 'state_reg_in_shares[0][162]' has non three-state driver 'C4001/Z_162'. (LINT-34)
Warning: In design 'ascon_top', three-state bus 'state_reg_in_shares[0][163]' has non three-state driver 'C4001/Z_163'. (LINT-34)
Warning: In design 'ascon_top', three-state bus 'state_reg_in_shares[0][164]' has non three-state driver 'C4001/Z_164'. (LINT-34)
Warning: In design 'ascon_top', three-state bus 'state_reg_in_shares[0][165]' has non three-state driver 'C4001/Z_165'. (LINT-34)
Warning: In design 'ascon_top', three-state bus 'state_reg_in_shares[0][166]' has non three-state driver 'C4001/Z_166'. (LINT-34)
Warning: In design 'ascon_top', three-state bus 'state_reg_in_shares[0][167]' has non three-state driver 'C4001/Z_167'. (LINT-34)
Warning: In design 'ascon_top', three-state bus 'state_reg_in_shares[0][168]' has non three-state driver 'C4001/Z_168'. (LINT-34)
Warning: In design 'ascon_top', three-state bus 'state_reg_in_shares[0][169]' has non three-state driver 'C4001/Z_169'. (LINT-34)
Warning: In design 'ascon_top', three-state bus 'state_reg_in_shares[0][170]' has non three-state driver 'C4001/Z_170'. (LINT-34)
Warning: In design 'ascon_top', three-state bus 'state_reg_in_shares[0][171]' has non three-state driver 'C4001/Z_171'. (LINT-34)
Warning: In design 'ascon_top', three-state bus 'state_reg_in_shares[0][172]' has non three-state driver 'C4001/Z_172'. (LINT-34)
Warning: In design 'ascon_top', three-state bus 'state_reg_in_shares[0][173]' has non three-state driver 'C4001/Z_173'. (LINT-34)
Warning: In design 'ascon_top', three-state bus 'state_reg_in_shares[0][174]' has non three-state driver 'C4001/Z_174'. (LINT-34)
Warning: In design 'ascon_top', three-state bus 'state_reg_in_shares[0][175]' has non three-state driver 'C4001/Z_175'. (LINT-34)
Warning: In design 'ascon_top', three-state bus 'state_reg_in_shares[0][176]' has non three-state driver 'C4001/Z_176'. (LINT-34)
Warning: In design 'ascon_top', three-state bus 'state_reg_in_shares[0][177]' has non three-state driver 'C4001/Z_177'. (LINT-34)
Warning: In design 'ascon_top', three-state bus 'state_reg_in_shares[0][178]' has non three-state driver 'C4001/Z_178'. (LINT-34)
Warning: In design 'ascon_top', three-state bus 'state_reg_in_shares[0][179]' has non three-state driver 'C4001/Z_179'. (LINT-34)
Warning: In design 'ascon_top', three-state bus 'state_reg_in_shares[0][180]' has non three-state driver 'C4001/Z_180'. (LINT-34)
Warning: In design 'ascon_top', three-state bus 'state_reg_in_shares[0][181]' has non three-state driver 'C4001/Z_181'. (LINT-34)
Warning: In design 'ascon_top', three-state bus 'state_reg_in_shares[0][182]' has non three-state driver 'C4001/Z_182'. (LINT-34)
Warning: In design 'ascon_top', three-state bus 'state_reg_in_shares[0][183]' has non three-state driver 'C4001/Z_183'. (LINT-34)
Warning: In design 'ascon_top', three-state bus 'state_reg_in_shares[0][184]' has non three-state driver 'C4001/Z_184'. (LINT-34)
Warning: In design 'ascon_top', three-state bus 'state_reg_in_shares[0][185]' has non three-state driver 'C4001/Z_185'. (LINT-34)
Warning: In design 'ascon_top', three-state bus 'state_reg_in_shares[0][186]' has non three-state driver 'C4001/Z_186'. (LINT-34)
Warning: In design 'ascon_top', three-state bus 'state_reg_in_shares[0][187]' has non three-state driver 'C4001/Z_187'. (LINT-34)
Warning: In design 'ascon_top', three-state bus 'state_reg_in_shares[0][188]' has non three-state driver 'C4001/Z_188'. (LINT-34)
Warning: In design 'ascon_top', three-state bus 'state_reg_in_shares[0][189]' has non three-state driver 'C4001/Z_189'. (LINT-34)
Warning: In design 'ascon_top', three-state bus 'state_reg_in_shares[0][190]' has non three-state driver 'C4001/Z_190'. (LINT-34)
Warning: In design 'ascon_top', three-state bus 'state_reg_in_shares[0][191]' has non three-state driver 'C4001/Z_191'. (LINT-34)
Warning: In design 'ascon_top', three-state bus 'state_reg_in_shares[0][192]' has non three-state driver 'C4001/Z_192'. (LINT-34)
Warning: In design 'ascon_top', three-state bus 'state_reg_in_shares[0][193]' has non three-state driver 'C4001/Z_193'. (LINT-34)
Warning: In design 'ascon_top', three-state bus 'state_reg_in_shares[0][194]' has non three-state driver 'C4001/Z_194'. (LINT-34)
Warning: In design 'ascon_top', three-state bus 'state_reg_in_shares[0][195]' has non three-state driver 'C4001/Z_195'. (LINT-34)
Warning: In design 'ascon_top', three-state bus 'state_reg_in_shares[0][196]' has non three-state driver 'C4001/Z_196'. (LINT-34)
Warning: In design 'ascon_top', three-state bus 'state_reg_in_shares[0][197]' has non three-state driver 'C4001/Z_197'. (LINT-34)
Warning: In design 'ascon_top', three-state bus 'state_reg_in_shares[0][198]' has non three-state driver 'C4001/Z_198'. (LINT-34)
Warning: In design 'ascon_top', three-state bus 'state_reg_in_shares[0][199]' has non three-state driver 'C4001/Z_199'. (LINT-34)
Warning: In design 'ascon_top', three-state bus 'state_reg_in_shares[0][200]' has non three-state driver 'C4001/Z_200'. (LINT-34)
Warning: In design 'ascon_top', three-state bus 'state_reg_in_shares[0][201]' has non three-state driver 'C4001/Z_201'. (LINT-34)
Warning: In design 'ascon_top', three-state bus 'state_reg_in_shares[0][202]' has non three-state driver 'C4001/Z_202'. (LINT-34)
Warning: In design 'ascon_top', three-state bus 'state_reg_in_shares[0][203]' has non three-state driver 'C4001/Z_203'. (LINT-34)
Warning: In design 'ascon_top', three-state bus 'state_reg_in_shares[0][204]' has non three-state driver 'C4001/Z_204'. (LINT-34)
Warning: In design 'ascon_top', three-state bus 'state_reg_in_shares[0][205]' has non three-state driver 'C4001/Z_205'. (LINT-34)
Warning: In design 'ascon_top', three-state bus 'state_reg_in_shares[0][206]' has non three-state driver 'C4001/Z_206'. (LINT-34)
Warning: In design 'ascon_top', three-state bus 'state_reg_in_shares[0][207]' has non three-state driver 'C4001/Z_207'. (LINT-34)
Warning: In design 'ascon_top', three-state bus 'state_reg_in_shares[0][208]' has non three-state driver 'C4001/Z_208'. (LINT-34)
Warning: In design 'ascon_top', three-state bus 'state_reg_in_shares[0][209]' has non three-state driver 'C4001/Z_209'. (LINT-34)
Warning: In design 'ascon_top', three-state bus 'state_reg_in_shares[0][210]' has non three-state driver 'C4001/Z_210'. (LINT-34)
Warning: In design 'ascon_top', three-state bus 'state_reg_in_shares[0][211]' has non three-state driver 'C4001/Z_211'. (LINT-34)
Warning: In design 'ascon_top', three-state bus 'state_reg_in_shares[0][212]' has non three-state driver 'C4001/Z_212'. (LINT-34)
Warning: In design 'ascon_top', three-state bus 'state_reg_in_shares[0][213]' has non three-state driver 'C4001/Z_213'. (LINT-34)
Warning: In design 'ascon_top', three-state bus 'state_reg_in_shares[0][214]' has non three-state driver 'C4001/Z_214'. (LINT-34)
Warning: In design 'ascon_top', three-state bus 'state_reg_in_shares[0][215]' has non three-state driver 'C4001/Z_215'. (LINT-34)
Warning: In design 'ascon_top', three-state bus 'state_reg_in_shares[0][216]' has non three-state driver 'C4001/Z_216'. (LINT-34)
Warning: In design 'ascon_top', three-state bus 'state_reg_in_shares[0][217]' has non three-state driver 'C4001/Z_217'. (LINT-34)
Warning: In design 'ascon_top', three-state bus 'state_reg_in_shares[0][218]' has non three-state driver 'C4001/Z_218'. (LINT-34)
Warning: In design 'ascon_top', three-state bus 'state_reg_in_shares[0][219]' has non three-state driver 'C4001/Z_219'. (LINT-34)
Warning: In design 'ascon_top', three-state bus 'state_reg_in_shares[0][220]' has non three-state driver 'C4001/Z_220'. (LINT-34)
Warning: In design 'ascon_top', three-state bus 'state_reg_in_shares[0][221]' has non three-state driver 'C4001/Z_221'. (LINT-34)
Warning: In design 'ascon_top', three-state bus 'state_reg_in_shares[0][222]' has non three-state driver 'C4001/Z_222'. (LINT-34)
Warning: In design 'ascon_top', three-state bus 'state_reg_in_shares[0][223]' has non three-state driver 'C4001/Z_223'. (LINT-34)
Warning: In design 'ascon_top', three-state bus 'state_reg_in_shares[0][224]' has non three-state driver 'C4001/Z_224'. (LINT-34)
Warning: In design 'ascon_top', three-state bus 'state_reg_in_shares[0][225]' has non three-state driver 'C4001/Z_225'. (LINT-34)
Warning: In design 'ascon_top', three-state bus 'state_reg_in_shares[0][226]' has non three-state driver 'C4001/Z_226'. (LINT-34)
Warning: In design 'ascon_top', three-state bus 'state_reg_in_shares[0][227]' has non three-state driver 'C4001/Z_227'. (LINT-34)
Warning: In design 'ascon_top', three-state bus 'state_reg_in_shares[0][228]' has non three-state driver 'C4001/Z_228'. (LINT-34)
Warning: In design 'ascon_top', three-state bus 'state_reg_in_shares[0][229]' has non three-state driver 'C4001/Z_229'. (LINT-34)
Warning: In design 'ascon_top', three-state bus 'state_reg_in_shares[0][230]' has non three-state driver 'C4001/Z_230'. (LINT-34)
Warning: In design 'ascon_top', three-state bus 'state_reg_in_shares[0][231]' has non three-state driver 'C4001/Z_231'. (LINT-34)
Warning: In design 'ascon_top', three-state bus 'state_reg_in_shares[0][232]' has non three-state driver 'C4001/Z_232'. (LINT-34)
Warning: In design 'ascon_top', three-state bus 'state_reg_in_shares[0][233]' has non three-state driver 'C4001/Z_233'. (LINT-34)
Warning: In design 'ascon_top', three-state bus 'state_reg_in_shares[0][234]' has non three-state driver 'C4001/Z_234'. (LINT-34)
Warning: In design 'ascon_top', three-state bus 'state_reg_in_shares[0][235]' has non three-state driver 'C4001/Z_235'. (LINT-34)
Warning: In design 'ascon_top', three-state bus 'state_reg_in_shares[0][236]' has non three-state driver 'C4001/Z_236'. (LINT-34)
Warning: In design 'ascon_top', three-state bus 'state_reg_in_shares[0][237]' has non three-state driver 'C4001/Z_237'. (LINT-34)
Warning: In design 'ascon_top', three-state bus 'state_reg_in_shares[0][238]' has non three-state driver 'C4001/Z_238'. (LINT-34)
Warning: In design 'ascon_top', three-state bus 'state_reg_in_shares[0][239]' has non three-state driver 'C4001/Z_239'. (LINT-34)
Warning: In design 'ascon_top', three-state bus 'state_reg_in_shares[0][240]' has non three-state driver 'C4001/Z_240'. (LINT-34)
Warning: In design 'ascon_top', three-state bus 'state_reg_in_shares[0][241]' has non three-state driver 'C4001/Z_241'. (LINT-34)
Warning: In design 'ascon_top', three-state bus 'state_reg_in_shares[0][242]' has non three-state driver 'C4001/Z_242'. (LINT-34)
Warning: In design 'ascon_top', three-state bus 'state_reg_in_shares[0][243]' has non three-state driver 'C4001/Z_243'. (LINT-34)
Warning: In design 'ascon_top', three-state bus 'state_reg_in_shares[0][244]' has non three-state driver 'C4001/Z_244'. (LINT-34)
Warning: In design 'ascon_top', three-state bus 'state_reg_in_shares[0][245]' has non three-state driver 'C4001/Z_245'. (LINT-34)
Warning: In design 'ascon_top', three-state bus 'state_reg_in_shares[0][246]' has non three-state driver 'C4001/Z_246'. (LINT-34)
Warning: In design 'ascon_top', three-state bus 'state_reg_in_shares[0][247]' has non three-state driver 'C4001/Z_247'. (LINT-34)
Warning: In design 'ascon_top', three-state bus 'state_reg_in_shares[0][248]' has non three-state driver 'C4001/Z_248'. (LINT-34)
Warning: In design 'ascon_top', three-state bus 'state_reg_in_shares[0][249]' has non three-state driver 'C4001/Z_249'. (LINT-34)
Warning: In design 'ascon_top', three-state bus 'state_reg_in_shares[0][250]' has non three-state driver 'C4001/Z_250'. (LINT-34)
Warning: In design 'ascon_top', three-state bus 'state_reg_in_shares[0][251]' has non three-state driver 'C4001/Z_251'. (LINT-34)
Warning: In design 'ascon_top', three-state bus 'state_reg_in_shares[0][252]' has non three-state driver 'C4001/Z_252'. (LINT-34)
Warning: In design 'ascon_top', three-state bus 'state_reg_in_shares[0][253]' has non three-state driver 'C4001/Z_253'. (LINT-34)
Warning: In design 'ascon_top', three-state bus 'state_reg_in_shares[0][254]' has non three-state driver 'C4001/Z_254'. (LINT-34)
Warning: In design 'ascon_top', three-state bus 'state_reg_in_shares[0][255]' has non three-state driver 'C4001/Z_255'. (LINT-34)
Warning: In design 'ascon_top', three-state bus 'state_reg_in_shares[0][256]' has non three-state driver 'C4001/Z_256'. (LINT-34)
Warning: In design 'ascon_top', three-state bus 'state_reg_in_shares[0][257]' has non three-state driver 'C4001/Z_257'. (LINT-34)
Warning: In design 'ascon_top', three-state bus 'state_reg_in_shares[0][258]' has non three-state driver 'C4001/Z_258'. (LINT-34)
Warning: In design 'ascon_top', three-state bus 'state_reg_in_shares[0][259]' has non three-state driver 'C4001/Z_259'. (LINT-34)
Warning: In design 'ascon_top', three-state bus 'state_reg_in_shares[0][260]' has non three-state driver 'C4001/Z_260'. (LINT-34)
Warning: In design 'ascon_top', three-state bus 'state_reg_in_shares[0][261]' has non three-state driver 'C4001/Z_261'. (LINT-34)
Warning: In design 'ascon_top', three-state bus 'state_reg_in_shares[0][262]' has non three-state driver 'C4001/Z_262'. (LINT-34)
Warning: In design 'ascon_top', three-state bus 'state_reg_in_shares[0][263]' has non three-state driver 'C4001/Z_263'. (LINT-34)
Warning: In design 'ascon_top', three-state bus 'state_reg_in_shares[0][264]' has non three-state driver 'C4001/Z_264'. (LINT-34)
Warning: In design 'ascon_top', three-state bus 'state_reg_in_shares[0][265]' has non three-state driver 'C4001/Z_265'. (LINT-34)
Warning: In design 'ascon_top', three-state bus 'state_reg_in_shares[0][266]' has non three-state driver 'C4001/Z_266'. (LINT-34)
Warning: In design 'ascon_top', three-state bus 'state_reg_in_shares[0][267]' has non three-state driver 'C4001/Z_267'. (LINT-34)
Warning: In design 'ascon_top', three-state bus 'state_reg_in_shares[0][268]' has non three-state driver 'C4001/Z_268'. (LINT-34)
Warning: In design 'ascon_top', three-state bus 'state_reg_in_shares[0][269]' has non three-state driver 'C4001/Z_269'. (LINT-34)
Warning: In design 'ascon_top', three-state bus 'state_reg_in_shares[0][270]' has non three-state driver 'C4001/Z_270'. (LINT-34)
Warning: In design 'ascon_top', three-state bus 'state_reg_in_shares[0][271]' has non three-state driver 'C4001/Z_271'. (LINT-34)
Warning: In design 'ascon_top', three-state bus 'state_reg_in_shares[0][272]' has non three-state driver 'C4001/Z_272'. (LINT-34)
Warning: In design 'ascon_top', three-state bus 'state_reg_in_shares[0][273]' has non three-state driver 'C4001/Z_273'. (LINT-34)
Warning: In design 'ascon_top', three-state bus 'state_reg_in_shares[0][274]' has non three-state driver 'C4001/Z_274'. (LINT-34)
Warning: In design 'ascon_top', three-state bus 'state_reg_in_shares[0][275]' has non three-state driver 'C4001/Z_275'. (LINT-34)
Warning: In design 'ascon_top', three-state bus 'state_reg_in_shares[0][276]' has non three-state driver 'C4001/Z_276'. (LINT-34)
Warning: In design 'ascon_top', three-state bus 'state_reg_in_shares[0][277]' has non three-state driver 'C4001/Z_277'. (LINT-34)
Warning: In design 'ascon_top', three-state bus 'state_reg_in_shares[0][278]' has non three-state driver 'C4001/Z_278'. (LINT-34)
Warning: In design 'ascon_top', three-state bus 'state_reg_in_shares[0][279]' has non three-state driver 'C4001/Z_279'. (LINT-34)
Warning: In design 'ascon_top', three-state bus 'state_reg_in_shares[0][280]' has non three-state driver 'C4001/Z_280'. (LINT-34)
Warning: In design 'ascon_top', three-state bus 'state_reg_in_shares[0][281]' has non three-state driver 'C4001/Z_281'. (LINT-34)
Warning: In design 'ascon_top', three-state bus 'state_reg_in_shares[0][282]' has non three-state driver 'C4001/Z_282'. (LINT-34)
Warning: In design 'ascon_top', three-state bus 'state_reg_in_shares[0][283]' has non three-state driver 'C4001/Z_283'. (LINT-34)
Warning: In design 'ascon_top', three-state bus 'state_reg_in_shares[0][284]' has non three-state driver 'C4001/Z_284'. (LINT-34)
Warning: In design 'ascon_top', three-state bus 'state_reg_in_shares[0][285]' has non three-state driver 'C4001/Z_285'. (LINT-34)
Warning: In design 'ascon_top', three-state bus 'state_reg_in_shares[0][286]' has non three-state driver 'C4001/Z_286'. (LINT-34)
Warning: In design 'ascon_top', three-state bus 'state_reg_in_shares[0][287]' has non three-state driver 'C4001/Z_287'. (LINT-34)
Warning: In design 'ascon_top', three-state bus 'state_reg_in_shares[0][288]' has non three-state driver 'C4001/Z_288'. (LINT-34)
Warning: In design 'ascon_top', three-state bus 'state_reg_in_shares[0][289]' has non three-state driver 'C4001/Z_289'. (LINT-34)
Warning: In design 'ascon_top', three-state bus 'state_reg_in_shares[0][290]' has non three-state driver 'C4001/Z_290'. (LINT-34)
Warning: In design 'ascon_top', three-state bus 'state_reg_in_shares[0][291]' has non three-state driver 'C4001/Z_291'. (LINT-34)
Warning: In design 'ascon_top', three-state bus 'state_reg_in_shares[0][292]' has non three-state driver 'C4001/Z_292'. (LINT-34)
Warning: In design 'ascon_top', three-state bus 'state_reg_in_shares[0][293]' has non three-state driver 'C4001/Z_293'. (LINT-34)
Warning: In design 'ascon_top', three-state bus 'state_reg_in_shares[0][294]' has non three-state driver 'C4001/Z_294'. (LINT-34)
Warning: In design 'ascon_top', three-state bus 'state_reg_in_shares[0][295]' has non three-state driver 'C4001/Z_295'. (LINT-34)
Warning: In design 'ascon_top', three-state bus 'state_reg_in_shares[0][296]' has non three-state driver 'C4001/Z_296'. (LINT-34)
Warning: In design 'ascon_top', three-state bus 'state_reg_in_shares[0][297]' has non three-state driver 'C4001/Z_297'. (LINT-34)
Warning: In design 'ascon_top', three-state bus 'state_reg_in_shares[0][298]' has non three-state driver 'C4001/Z_298'. (LINT-34)
Warning: In design 'ascon_top', three-state bus 'state_reg_in_shares[0][299]' has non three-state driver 'C4001/Z_299'. (LINT-34)
Warning: In design 'ascon_top', three-state bus 'state_reg_in_shares[0][300]' has non three-state driver 'C4001/Z_300'. (LINT-34)
Warning: In design 'ascon_top', three-state bus 'state_reg_in_shares[0][301]' has non three-state driver 'C4001/Z_301'. (LINT-34)
Warning: In design 'ascon_top', three-state bus 'state_reg_in_shares[0][302]' has non three-state driver 'C4001/Z_302'. (LINT-34)
Warning: In design 'ascon_top', three-state bus 'state_reg_in_shares[0][303]' has non three-state driver 'C4001/Z_303'. (LINT-34)
Warning: In design 'ascon_top', three-state bus 'state_reg_in_shares[0][304]' has non three-state driver 'C4001/Z_304'. (LINT-34)
Warning: In design 'ascon_top', three-state bus 'state_reg_in_shares[0][305]' has non three-state driver 'C4001/Z_305'. (LINT-34)
Warning: In design 'ascon_top', three-state bus 'state_reg_in_shares[0][306]' has non three-state driver 'C4001/Z_306'. (LINT-34)
Warning: In design 'ascon_top', three-state bus 'state_reg_in_shares[0][307]' has non three-state driver 'C4001/Z_307'. (LINT-34)
Warning: In design 'ascon_top', three-state bus 'state_reg_in_shares[0][308]' has non three-state driver 'C4001/Z_308'. (LINT-34)
Warning: In design 'ascon_top', three-state bus 'state_reg_in_shares[0][309]' has non three-state driver 'C4001/Z_309'. (LINT-34)
Warning: In design 'ascon_top', three-state bus 'state_reg_in_shares[0][310]' has non three-state driver 'C4001/Z_310'. (LINT-34)
Warning: In design 'ascon_top', three-state bus 'state_reg_in_shares[0][311]' has non three-state driver 'C4001/Z_311'. (LINT-34)
Warning: In design 'ascon_top', three-state bus 'state_reg_in_shares[0][312]' has non three-state driver 'C4001/Z_312'. (LINT-34)
Warning: In design 'ascon_top', three-state bus 'state_reg_in_shares[0][313]' has non three-state driver 'C4001/Z_313'. (LINT-34)
Warning: In design 'ascon_top', three-state bus 'state_reg_in_shares[0][314]' has non three-state driver 'C4001/Z_314'. (LINT-34)
Warning: In design 'ascon_top', three-state bus 'state_reg_in_shares[0][315]' has non three-state driver 'C4001/Z_315'. (LINT-34)
Warning: In design 'ascon_top', three-state bus 'state_reg_in_shares[0][316]' has non three-state driver 'C4001/Z_316'. (LINT-34)
Warning: In design 'ascon_top', three-state bus 'state_reg_in_shares[0][317]' has non three-state driver 'C4001/Z_317'. (LINT-34)
Warning: In design 'ascon_top', three-state bus 'state_reg_in_shares[0][318]' has non three-state driver 'C4001/Z_318'. (LINT-34)
Warning: In design 'ascon_top', three-state bus 'state_reg_in_shares[0][319]' has non three-state driver 'C4001/Z_319'. (LINT-34)
Warning: In design 'ascon_top', three-state bus 'last_cycle' has non three-state driver 'mealy_fsm/C905/Z_0'. (LINT-34)
Warning: In design 'ascon_top', three-state bus 'shift_type' has non three-state driver 'mealy_fsm/C904/Z_0'. (LINT-34)
Warning: In design 'ascon_top', three-state bus 'write_en' has non three-state driver 'mealy_fsm/C901/Z_0'. (LINT-34)
Warning: In design 'ascon_top', three-state bus 'shift_en' has non three-state driver 'mealy_fsm/C903/Z_0'. (LINT-34)
1
