 
****************************************
Report : area
Design : ascon_top
Version: R-2020.09-SP2
Date   : Sun Sep  7 18:26:26 2025
****************************************

Information: Updating design information... (UID-85)
Warning: Design 'ascon_top' contains 2 high-fanout nets. A fanout number of 1000 will be used for delay calculations involving these nets. (TIM-134)
Library(s) Used:

    tcbn65lplvttc (File: /software/dk/tsmc65/digital/Front_End/timing_power_noise/NLDM/tcbn65lplvt_220a/tcbn65lplvttc.db)

Number of ports:                         7290
Number of nets:                         17133
Number of cells:                        12286
Number of combinational cells:           9871
Number of sequential cells:              2386
Number of macros/black boxes:               0
Number of buf/inv:                       1916
Number of references:                      83

Combinational area:              25257.240264
Buf/Inv area:                     2125.080083
Noncombinational area:           18304.920449
Macro/Black Box area:                0.000000
Net Interconnect area:      undefined  (Wire load has zero net area)

Total cell area:                 43562.160713
Total area:                 undefined
1
