 
****************************************
Report : area
Design : ascon_datapath
Version: R-2020.09-SP2
Date   : Fri Sep 12 16:36:46 2025
****************************************

Library(s) Used:

    tcbn65lplvttc (File: /software/dk/tsmc65/digital/Front_End/timing_power_noise/NLDM/tcbn65lplvt_220a/tcbn65lplvttc.db)

Number of ports:                        11198
Number of nets:                         21652
Number of cells:                        14990
Number of combinational cells:          10682
Number of sequential cells:              4288
Number of macros/black boxes:               0
Number of buf/inv:                       2095
Number of references:                      63

Combinational area:              32243.040165
Buf/Inv area:                     2303.640090
Noncombinational area:           33620.400410
Macro/Black Box area:                0.000000
Net Interconnect area:      undefined  (Wire load has zero net area)

Total cell area:                 65863.440574
Total area:                 undefined

Hierarchical area distribution
------------------------------

                                  Global cell area            Local cell area
                                  -------------------  ------------------------------ 
Hierarchical cell                 Absolute    Percent  Combi-      Noncombi-   Black-
                                  Total       Total    national    national    boxes   Design
--------------------------------  ----------  -------  ----------  ----------  ------  ----------------
ascon_datapath                    65863.4406    100.0  16129.0801   2226.9600  0.0000  ascon_datapath
gen_no_changing.gen_sbox[0].u_sbox
                                   2004.1200      3.0    718.9200   1285.2000  0.0000  ascon_sbox_d2_10
gen_no_changing.gen_sbox[10].u_sbox
                                   1754.2800      2.7    712.0800   1042.2000  0.0000  ascon_sbox_d2_0
gen_no_changing.gen_sbox[1].u_sbox
                                   2004.1200      3.0    718.9200   1285.2000  0.0000  ascon_sbox_d2_9
gen_no_changing.gen_sbox[2].u_sbox
                                   2002.6800      3.0    717.4800   1285.2000  0.0000  ascon_sbox_d2_8
gen_no_changing.gen_sbox[3].u_sbox
                                   2004.1200      3.0    718.9200   1285.2000  0.0000  ascon_sbox_d2_7
gen_no_changing.gen_sbox[4].u_sbox
                                   2003.7600      3.0    718.5600   1285.2000  0.0000  ascon_sbox_d2_6
gen_no_changing.gen_sbox[5].u_sbox
                                   2004.1200      3.0    718.9200   1285.2000  0.0000  ascon_sbox_d2_5
gen_no_changing.gen_sbox[6].u_sbox
                                   2002.6800      3.0    717.4800   1285.2000  0.0000  ascon_sbox_d2_4
gen_no_changing.gen_sbox[7].u_sbox
                                   2003.7600      3.0    718.5600   1285.2000  0.0000  ascon_sbox_d2_3
gen_no_changing.gen_sbox[8].u_sbox
                                   2002.6800      3.0    717.4800   1285.2000  0.0000  ascon_sbox_d2_2
gen_no_changing.gen_sbox[9].u_sbox
                                   1754.2800      2.7    712.0800   1042.2000  0.0000  ascon_sbox_d2_1
gen_state_regs[0].state_reg_share  5195.5200      7.9   2659.6800   2535.8400  0.0000  state_register_5
gen_state_regs[1].state_reg_share  3875.0401      5.9   1110.2400   2764.8001  0.0000  state_register_4
gen_state_regs[2].state_reg_share  3877.9201      5.9   1113.1200   2764.8001  0.0000  state_register_3
gen_state_regs[3].state_reg_share  3877.9201      5.9   1113.1200   2764.8001  0.0000  state_register_2
gen_state_regs[4].state_reg_share  3885.1201      5.9   1120.3200   2764.8001  0.0000  state_register_1
gen_state_regs[5].state_reg_share  3872.8801      5.9   1108.0800   2764.8001  0.0000  state_register_0
key1_reg                            691.2000      1.0      0.0000    691.2000  0.0000  register_1
key2_reg                            691.2000      1.0      0.0000    691.2000  0.0000  register_0
share_creator                         0.0000      0.0      0.0000      0.0000  0.0000  shareCreator
--------------------------------  ----------  -------  ----------  ----------  ------  ----------------
Total                                                  32243.0402  33620.4004  0.0000

1
