 
****************************************
Report : power
        -analysis_effort low
Design : ascon_top
Version: R-2020.09-SP2
Date   : Sun Sep  7 18:35:00 2025
****************************************


Library(s) Used:

    tcbn65lplvttc (File: /software/dk/tsmc65/digital/Front_End/timing_power_noise/NLDM/tcbn65lplvt_220a/tcbn65lplvttc.db)


Operating Conditions: NCCOM   Library: tcbn65lplvttc
Wire Load Model Mode: segmented

Design        Wire Load Model            Library
------------------------------------------------
ascon_top              ZeroWireload      tcbn65lplvttc
fsm                    ZeroWireload      tcbn65lplvttc
state_register_5       ZeroWireload      tcbn65lplvttc
state_register_4       ZeroWireload      tcbn65lplvttc
state_register_2       ZeroWireload      tcbn65lplvttc
register_1             ZeroWireload      tcbn65lplvttc
shareCreator           ZeroWireload      tcbn65lplvttc
ascon_sbox_d2_10       ZeroWireload      tcbn65lplvttc
state_register_3       ZeroWireload      tcbn65lplvttc
register_0             ZeroWireload      tcbn65lplvttc
ascon_sbox_d2_0        ZeroWireload      tcbn65lplvttc
ascon_sbox_d2_1        ZeroWireload      tcbn65lplvttc
ascon_sbox_d2_2        ZeroWireload      tcbn65lplvttc
ascon_sbox_d2_3        ZeroWireload      tcbn65lplvttc
ascon_sbox_d2_4        ZeroWireload      tcbn65lplvttc
ascon_sbox_d2_5        ZeroWireload      tcbn65lplvttc
ascon_sbox_d2_6        ZeroWireload      tcbn65lplvttc
ascon_sbox_d2_7        ZeroWireload      tcbn65lplvttc
ascon_sbox_d2_8        ZeroWireload      tcbn65lplvttc
ascon_sbox_d2_9        ZeroWireload      tcbn65lplvttc
state_register_0       ZeroWireload      tcbn65lplvttc
state_register_1       ZeroWireload      tcbn65lplvttc


Global Operating Voltage = 1.2  
Power-specific unit information :
    Voltage Units = 1V
    Capacitance Units = 1.000000pf
    Time Units = 1ns
    Dynamic Power Units = 1mW    (derived from V,C,T units)
    Leakage Power Units = 1nW


  Cell Internal Power  =  44.4493 mW   (97%)
  Net Switching Power  =   1.3669 mW    (3%)
                         ---------
Total Dynamic Power    =  45.8162 mW  (100%)

Cell Leakage Power     =  25.9689 uW


                 Internal         Switching           Leakage            Total
Power Group      Power            Power               Power              Power   (   %    )  Attrs
--------------------------------------------------------------------------------------------------
io_pad             0.0000            0.0000            0.0000            0.0000  (   0.00%)
memory             0.0000            0.0000            0.0000            0.0000  (   0.00%)
black_box          0.0000            0.0000            0.0000            0.0000  (   0.00%)
clock_network      0.0000            0.0000            0.0000            0.0000  (   0.00%)
register          42.5880            0.3443        1.2078e+04           42.9445  (  93.68%)
sequential         0.0000            0.0000            0.0000            0.0000  (   0.00%)
combinational      1.8615            1.0225        1.3891e+04            2.8978  (   6.32%)
--------------------------------------------------------------------------------------------------
Total             44.4495 mW         1.3669 mW     2.5969e+04 nW        45.8423 mW
1
